Archive member included because of file (symbol)

c:/program files (x86)/atmel/atmel toolchain/avr8 gcc/native/3.4.2.1002/avr8-gnu-toolchain/bin/../lib/gcc/avr/4.7.2/avr5\libgcc.a(_divmodhi4.o)
                              RF12.o (__divmodhi4)
c:/program files (x86)/atmel/atmel toolchain/avr8 gcc/native/3.4.2.1002/avr8-gnu-toolchain/bin/../lib/gcc/avr/4.7.2/avr5\libgcc.a(_udivmodsi4.o)
                              RF12.o (__udivmodsi4)
c:/program files (x86)/atmel/atmel toolchain/avr8 gcc/native/3.4.2.1002/avr8-gnu-toolchain/bin/../lib/gcc/avr/4.7.2/avr5\libgcc.a(_exit.o)
                              c:/program files (x86)/atmel/atmel toolchain/avr8 gcc/native/3.4.2.1002/avr8-gnu-toolchain/bin/../lib/gcc/avr/4.7.2/../../../../avr/lib/avr5/crtm328p.o (exit)
c:/program files (x86)/atmel/atmel toolchain/avr8 gcc/native/3.4.2.1002/avr8-gnu-toolchain/bin/../lib/gcc/avr/4.7.2/avr5\libgcc.a(_copy_data.o)
                              ONTVANGER.o (__do_copy_data)
c:/program files (x86)/atmel/atmel toolchain/avr8 gcc/native/3.4.2.1002/avr8-gnu-toolchain/bin/../lib/gcc/avr/4.7.2/avr5\libgcc.a(_clear_bss.o)
                              millis.o (__do_clear_bss)
c:/program files (x86)/atmel/atmel toolchain/avr8 gcc/native/3.4.2.1002/avr8-gnu-toolchain/bin/../lib/gcc/avr/4.7.2/avr5\libgcc.a(_udivmodhi4.o)
                              c:/program files (x86)/atmel/atmel toolchain/avr8 gcc/native/3.4.2.1002/avr8-gnu-toolchain/bin/../lib/gcc/avr/4.7.2/avr5\libgcc.a(_divmodhi4.o) (__udivmodhi4)
c:/program files (x86)/atmel/atmel toolchain/avr8 gcc/native/3.4.2.1002/avr8-gnu-toolchain/bin/../lib/gcc/avr/4.7.2/../../../../avr/lib/avr5\libc.a(memcpy.o)
                              RF12.o (memcpy)
c:/program files (x86)/atmel/atmel toolchain/avr8 gcc/native/3.4.2.1002/avr8-gnu-toolchain/bin/../lib/gcc/avr/4.7.2/../../../../avr/lib/avr5\libc.a(sprintf.o)
                              uart.o (sprintf)
c:/program files (x86)/atmel/atmel toolchain/avr8 gcc/native/3.4.2.1002/avr8-gnu-toolchain/bin/../lib/gcc/avr/4.7.2/../../../../avr/lib/avr5\libc.a(vfprintf_std.o)
                              c:/program files (x86)/atmel/atmel toolchain/avr8 gcc/native/3.4.2.1002/avr8-gnu-toolchain/bin/../lib/gcc/avr/4.7.2/../../../../avr/lib/avr5\libc.a(sprintf.o) (vfprintf)
c:/program files (x86)/atmel/atmel toolchain/avr8 gcc/native/3.4.2.1002/avr8-gnu-toolchain/bin/../lib/gcc/avr/4.7.2/../../../../avr/lib/avr5\libc.a(strnlen_P.o)
                              c:/program files (x86)/atmel/atmel toolchain/avr8 gcc/native/3.4.2.1002/avr8-gnu-toolchain/bin/../lib/gcc/avr/4.7.2/../../../../avr/lib/avr5\libc.a(vfprintf_std.o) (strnlen_P)
c:/program files (x86)/atmel/atmel toolchain/avr8 gcc/native/3.4.2.1002/avr8-gnu-toolchain/bin/../lib/gcc/avr/4.7.2/../../../../avr/lib/avr5\libc.a(strnlen.o)
                              c:/program files (x86)/atmel/atmel toolchain/avr8 gcc/native/3.4.2.1002/avr8-gnu-toolchain/bin/../lib/gcc/avr/4.7.2/../../../../avr/lib/avr5\libc.a(vfprintf_std.o) (strnlen)
c:/program files (x86)/atmel/atmel toolchain/avr8 gcc/native/3.4.2.1002/avr8-gnu-toolchain/bin/../lib/gcc/avr/4.7.2/../../../../avr/lib/avr5\libc.a(fputc.o)
                              c:/program files (x86)/atmel/atmel toolchain/avr8 gcc/native/3.4.2.1002/avr8-gnu-toolchain/bin/../lib/gcc/avr/4.7.2/../../../../avr/lib/avr5\libc.a(vfprintf_std.o) (fputc)
c:/program files (x86)/atmel/atmel toolchain/avr8 gcc/native/3.4.2.1002/avr8-gnu-toolchain/bin/../lib/gcc/avr/4.7.2/../../../../avr/lib/avr5\libc.a(ultoa_invert.o)
                              c:/program files (x86)/atmel/atmel toolchain/avr8 gcc/native/3.4.2.1002/avr8-gnu-toolchain/bin/../lib/gcc/avr/4.7.2/../../../../avr/lib/avr5\libc.a(vfprintf_std.o) (__ultoa_invert)
c:/program files (x86)/atmel/atmel toolchain/avr8 gcc/native/3.4.2.1002/avr8-gnu-toolchain/bin/../lib/gcc/avr/4.7.2/avr5\libgcc.a(_prologue.o)
                              c:/program files (x86)/atmel/atmel toolchain/avr8 gcc/native/3.4.2.1002/avr8-gnu-toolchain/bin/../lib/gcc/avr/4.7.2/../../../../avr/lib/avr5\libc.a(sprintf.o) (__prologue_saves__)
c:/program files (x86)/atmel/atmel toolchain/avr8 gcc/native/3.4.2.1002/avr8-gnu-toolchain/bin/../lib/gcc/avr/4.7.2/avr5\libgcc.a(_epilogue.o)
                              c:/program files (x86)/atmel/atmel toolchain/avr8 gcc/native/3.4.2.1002/avr8-gnu-toolchain/bin/../lib/gcc/avr/4.7.2/../../../../avr/lib/avr5\libc.a(sprintf.o) (__epilogue_restores__)

Discarded input sections

 .bss           0x00000000        0x0 c:/program files (x86)/atmel/atmel toolchain/avr8 gcc/native/3.4.2.1002/avr8-gnu-toolchain/bin/../lib/gcc/avr/4.7.2/../../../../avr/lib/avr5/crtm328p.o
 .text          0x00000000        0x0 delay.o
 .bss           0x00000000        0x0 delay.o
 .text.var_delay_ms
                0x00000000       0x16 delay.o
 .text.var_delay_us
                0x00000000       0x12 delay.o
 .text          0x00000000        0x0 I2C_master.o
 .bss           0x00000000        0x0 I2C_master.o
 .text.I2C_read_nack
                0x00000000       0x16 I2C_master.o
 .text          0x00000000        0x0 log.o
 .bss           0x00000000        0x0 log.o
 .text.log_uint16_t
                0x00000000        0x6 log.o
 .text.log_int16_t
                0x00000000        0x6 log.o
 .text.log_s    0x00000000        0x6 log.o
 .text          0x00000000        0x0 millis.o
 .bss           0x00000000        0x0 millis.o
 .text.millis_add
                0x00000000       0x44 millis.o
 .text.millis_subtract
                0x00000000       0x4c millis.o
 .text          0x00000000        0x0 ONTVANGER.o
 .bss           0x00000000        0x0 ONTVANGER.o
 .text._Z12var_delay_msj
                0x00000000       0x16 ONTVANGER.o
 .text._Z12var_delay_usj
                0x00000000       0x12 ONTVANGER.o
 .bss.counter   0x00000000        0x1 ONTVANGER.o
 .bss.mychannel
                0x00000000        0x1 ONTVANGER.o
 .text          0x00000000        0x0 pca9635.o
 .bss           0x00000000        0x0 pca9635.o
 .text.pca9635_set_led_mode
                0x00000000       0x4c pca9635.o
 .text          0x00000000        0x0 RF12.o
 .bss           0x00000000        0x0 RF12.o
 .text._Z12rf12_controlj
                0x00000000        0x6 RF12.o
 .text._Z12rf12_getRSSIv
                0x00000000       0x16 RF12.o
 .text._Z12rf12_canSendv
                0x00000000       0x26 RF12.o
 .text._Z12rf12_sendNowhPKvh
                0x00000000       0x30 RF12.o
 .text._Z14rf12_sendStarthPKvhh
                0x00000000       0x12 RF12.o
 .text._Z10rf12_onOffh
                0x00000000       0x38 RF12.o
 .text._Z10rf12_sleepc
                0x00000000       0x26 RF12.o
 .text._Z11rf12_lowbatv
                0x00000000       0x10 RF12.o
 .text._Z18rf12_watchdogFiredv
                0x00000000        0xa RF12.o
 .text          0x00000000        0x0 timer2.o
 .bss           0x00000000        0x0 timer2.o
 .text.timer2_init
                0x00000000       0x14 timer2.o
 .text.timer2_resume
                0x00000000       0x16 timer2.o
 .text.timer2_pause
                0x00000000       0x16 timer2.o
 .text          0x00000000        0x0 tone.o
 .bss           0x00000000        0x0 tone.o
 .text          0x00000000        0x0 uart.o
 .bss           0x00000000        0x0 uart.o
 .text.uart0_init
                0x00000000       0x32 uart.o
 .text.uart0_getc
                0x00000000       0x3c uart.o
 .text.uart0_peek
                0x00000000       0x36 uart.o
 .text.uart0_putc
                0x00000000       0x34 uart.o
 .text.uart0_puts
                0x00000000       0x1e uart.o
 .text.uart0_puts_p
                0x00000000       0x24 uart.o
 .text.uart0_available
                0x00000000       0x1c uart.o
 .text.uart0_flush
                0x00000000        0xa uart.o
 .rodata.str1.1
                0x00000000        0x3 uart.o
 .text.uart_tx_int16_t
                0x00000000       0x54 uart.o
 .text.uart_tx_uint16_t
                0x00000000       0x52 uart.o
 .text          0x00000000        0x0 c:/program files (x86)/atmel/atmel toolchain/avr8 gcc/native/3.4.2.1002/avr8-gnu-toolchain/bin/../lib/gcc/avr/4.7.2/avr5\libgcc.a(_divmodhi4.o)
 .bss           0x00000000        0x0 c:/program files (x86)/atmel/atmel toolchain/avr8 gcc/native/3.4.2.1002/avr8-gnu-toolchain/bin/../lib/gcc/avr/4.7.2/avr5\libgcc.a(_divmodhi4.o)
 .text.libgcc.mul
                0x00000000        0x0 c:/program files (x86)/atmel/atmel toolchain/avr8 gcc/native/3.4.2.1002/avr8-gnu-toolchain/bin/../lib/gcc/avr/4.7.2/avr5\libgcc.a(_divmodhi4.o)
 .text.libgcc   0x00000000        0x0 c:/program files (x86)/atmel/atmel toolchain/avr8 gcc/native/3.4.2.1002/avr8-gnu-toolchain/bin/../lib/gcc/avr/4.7.2/avr5\libgcc.a(_divmodhi4.o)
 .text.libgcc.prologue
                0x00000000        0x0 c:/program files (x86)/atmel/atmel toolchain/avr8 gcc/native/3.4.2.1002/avr8-gnu-toolchain/bin/../lib/gcc/avr/4.7.2/avr5\libgcc.a(_divmodhi4.o)
 .text.libgcc.builtins
                0x00000000        0x0 c:/program files (x86)/atmel/atmel toolchain/avr8 gcc/native/3.4.2.1002/avr8-gnu-toolchain/bin/../lib/gcc/avr/4.7.2/avr5\libgcc.a(_divmodhi4.o)
 .text.libgcc.fmul
                0x00000000        0x0 c:/program files (x86)/atmel/atmel toolchain/avr8 gcc/native/3.4.2.1002/avr8-gnu-toolchain/bin/../lib/gcc/avr/4.7.2/avr5\libgcc.a(_divmodhi4.o)
 .text          0x00000000        0x0 c:/program files (x86)/atmel/atmel toolchain/avr8 gcc/native/3.4.2.1002/avr8-gnu-toolchain/bin/../lib/gcc/avr/4.7.2/avr5\libgcc.a(_udivmodsi4.o)
 .bss           0x00000000        0x0 c:/program files (x86)/atmel/atmel toolchain/avr8 gcc/native/3.4.2.1002/avr8-gnu-toolchain/bin/../lib/gcc/avr/4.7.2/avr5\libgcc.a(_udivmodsi4.o)
 .text.libgcc.mul
                0x00000000        0x0 c:/program files (x86)/atmel/atmel toolchain/avr8 gcc/native/3.4.2.1002/avr8-gnu-toolchain/bin/../lib/gcc/avr/4.7.2/avr5\libgcc.a(_udivmodsi4.o)
 .text.libgcc   0x00000000        0x0 c:/program files (x86)/atmel/atmel toolchain/avr8 gcc/native/3.4.2.1002/avr8-gnu-toolchain/bin/../lib/gcc/avr/4.7.2/avr5\libgcc.a(_udivmodsi4.o)
 .text.libgcc.prologue
                0x00000000        0x0 c:/program files (x86)/atmel/atmel toolchain/avr8 gcc/native/3.4.2.1002/avr8-gnu-toolchain/bin/../lib/gcc/avr/4.7.2/avr5\libgcc.a(_udivmodsi4.o)
 .text.libgcc.builtins
                0x00000000        0x0 c:/program files (x86)/atmel/atmel toolchain/avr8 gcc/native/3.4.2.1002/avr8-gnu-toolchain/bin/../lib/gcc/avr/4.7.2/avr5\libgcc.a(_udivmodsi4.o)
 .text.libgcc.fmul
                0x00000000        0x0 c:/program files (x86)/atmel/atmel toolchain/avr8 gcc/native/3.4.2.1002/avr8-gnu-toolchain/bin/../lib/gcc/avr/4.7.2/avr5\libgcc.a(_udivmodsi4.o)
 .text          0x00000000        0x0 c:/program files (x86)/atmel/atmel toolchain/avr8 gcc/native/3.4.2.1002/avr8-gnu-toolchain/bin/../lib/gcc/avr/4.7.2/avr5\libgcc.a(_exit.o)
 .bss           0x00000000        0x0 c:/program files (x86)/atmel/atmel toolchain/avr8 gcc/native/3.4.2.1002/avr8-gnu-toolchain/bin/../lib/gcc/avr/4.7.2/avr5\libgcc.a(_exit.o)
 .text.libgcc.mul
                0x00000000        0x0 c:/program files (x86)/atmel/atmel toolchain/avr8 gcc/native/3.4.2.1002/avr8-gnu-toolchain/bin/../lib/gcc/avr/4.7.2/avr5\libgcc.a(_exit.o)
 .text.libgcc.div
                0x00000000        0x0 c:/program files (x86)/atmel/atmel toolchain/avr8 gcc/native/3.4.2.1002/avr8-gnu-toolchain/bin/../lib/gcc/avr/4.7.2/avr5\libgcc.a(_exit.o)
 .text.libgcc   0x00000000        0x0 c:/program files (x86)/atmel/atmel toolchain/avr8 gcc/native/3.4.2.1002/avr8-gnu-toolchain/bin/../lib/gcc/avr/4.7.2/avr5\libgcc.a(_exit.o)
 .text.libgcc.prologue
                0x00000000        0x0 c:/program files (x86)/atmel/atmel toolchain/avr8 gcc/native/3.4.2.1002/avr8-gnu-toolchain/bin/../lib/gcc/avr/4.7.2/avr5\libgcc.a(_exit.o)
 .text.libgcc.builtins
                0x00000000        0x0 c:/program files (x86)/atmel/atmel toolchain/avr8 gcc/native/3.4.2.1002/avr8-gnu-toolchain/bin/../lib/gcc/avr/4.7.2/avr5\libgcc.a(_exit.o)
 .text.libgcc.fmul
                0x00000000        0x0 c:/program files (x86)/atmel/atmel toolchain/avr8 gcc/native/3.4.2.1002/avr8-gnu-toolchain/bin/../lib/gcc/avr/4.7.2/avr5\libgcc.a(_exit.o)
 .text          0x00000000        0x0 c:/program files (x86)/atmel/atmel toolchain/avr8 gcc/native/3.4.2.1002/avr8-gnu-toolchain/bin/../lib/gcc/avr/4.7.2/avr5\libgcc.a(_copy_data.o)
 .bss           0x00000000        0x0 c:/program files (x86)/atmel/atmel toolchain/avr8 gcc/native/3.4.2.1002/avr8-gnu-toolchain/bin/../lib/gcc/avr/4.7.2/avr5\libgcc.a(_copy_data.o)
 .text.libgcc.mul
                0x00000000        0x0 c:/program files (x86)/atmel/atmel toolchain/avr8 gcc/native/3.4.2.1002/avr8-gnu-toolchain/bin/../lib/gcc/avr/4.7.2/avr5\libgcc.a(_copy_data.o)
 .text.libgcc.div
                0x00000000        0x0 c:/program files (x86)/atmel/atmel toolchain/avr8 gcc/native/3.4.2.1002/avr8-gnu-toolchain/bin/../lib/gcc/avr/4.7.2/avr5\libgcc.a(_copy_data.o)
 .text.libgcc   0x00000000        0x0 c:/program files (x86)/atmel/atmel toolchain/avr8 gcc/native/3.4.2.1002/avr8-gnu-toolchain/bin/../lib/gcc/avr/4.7.2/avr5\libgcc.a(_copy_data.o)
 .text.libgcc.prologue
                0x00000000        0x0 c:/program files (x86)/atmel/atmel toolchain/avr8 gcc/native/3.4.2.1002/avr8-gnu-toolchain/bin/../lib/gcc/avr/4.7.2/avr5\libgcc.a(_copy_data.o)
 .text.libgcc.builtins
                0x00000000        0x0 c:/program files (x86)/atmel/atmel toolchain/avr8 gcc/native/3.4.2.1002/avr8-gnu-toolchain/bin/../lib/gcc/avr/4.7.2/avr5\libgcc.a(_copy_data.o)
 .text.libgcc.fmul
                0x00000000        0x0 c:/program files (x86)/atmel/atmel toolchain/avr8 gcc/native/3.4.2.1002/avr8-gnu-toolchain/bin/../lib/gcc/avr/4.7.2/avr5\libgcc.a(_copy_data.o)
 .text          0x00000000        0x0 c:/program files (x86)/atmel/atmel toolchain/avr8 gcc/native/3.4.2.1002/avr8-gnu-toolchain/bin/../lib/gcc/avr/4.7.2/avr5\libgcc.a(_clear_bss.o)
 .bss           0x00000000        0x0 c:/program files (x86)/atmel/atmel toolchain/avr8 gcc/native/3.4.2.1002/avr8-gnu-toolchain/bin/../lib/gcc/avr/4.7.2/avr5\libgcc.a(_clear_bss.o)
 .text.libgcc.mul
                0x00000000        0x0 c:/program files (x86)/atmel/atmel toolchain/avr8 gcc/native/3.4.2.1002/avr8-gnu-toolchain/bin/../lib/gcc/avr/4.7.2/avr5\libgcc.a(_clear_bss.o)
 .text.libgcc.div
                0x00000000        0x0 c:/program files (x86)/atmel/atmel toolchain/avr8 gcc/native/3.4.2.1002/avr8-gnu-toolchain/bin/../lib/gcc/avr/4.7.2/avr5\libgcc.a(_clear_bss.o)
 .text.libgcc   0x00000000        0x0 c:/program files (x86)/atmel/atmel toolchain/avr8 gcc/native/3.4.2.1002/avr8-gnu-toolchain/bin/../lib/gcc/avr/4.7.2/avr5\libgcc.a(_clear_bss.o)
 .text.libgcc.prologue
                0x00000000        0x0 c:/program files (x86)/atmel/atmel toolchain/avr8 gcc/native/3.4.2.1002/avr8-gnu-toolchain/bin/../lib/gcc/avr/4.7.2/avr5\libgcc.a(_clear_bss.o)
 .text.libgcc.builtins
                0x00000000        0x0 c:/program files (x86)/atmel/atmel toolchain/avr8 gcc/native/3.4.2.1002/avr8-gnu-toolchain/bin/../lib/gcc/avr/4.7.2/avr5\libgcc.a(_clear_bss.o)
 .text.libgcc.fmul
                0x00000000        0x0 c:/program files (x86)/atmel/atmel toolchain/avr8 gcc/native/3.4.2.1002/avr8-gnu-toolchain/bin/../lib/gcc/avr/4.7.2/avr5\libgcc.a(_clear_bss.o)
 .text          0x00000000        0x0 c:/program files (x86)/atmel/atmel toolchain/avr8 gcc/native/3.4.2.1002/avr8-gnu-toolchain/bin/../lib/gcc/avr/4.7.2/avr5\libgcc.a(_udivmodhi4.o)
 .bss           0x00000000        0x0 c:/program files (x86)/atmel/atmel toolchain/avr8 gcc/native/3.4.2.1002/avr8-gnu-toolchain/bin/../lib/gcc/avr/4.7.2/avr5\libgcc.a(_udivmodhi4.o)
 .text.libgcc.mul
                0x00000000        0x0 c:/program files (x86)/atmel/atmel toolchain/avr8 gcc/native/3.4.2.1002/avr8-gnu-toolchain/bin/../lib/gcc/avr/4.7.2/avr5\libgcc.a(_udivmodhi4.o)
 .text.libgcc   0x00000000        0x0 c:/program files (x86)/atmel/atmel toolchain/avr8 gcc/native/3.4.2.1002/avr8-gnu-toolchain/bin/../lib/gcc/avr/4.7.2/avr5\libgcc.a(_udivmodhi4.o)
 .text.libgcc.prologue
                0x00000000        0x0 c:/program files (x86)/atmel/atmel toolchain/avr8 gcc/native/3.4.2.1002/avr8-gnu-toolchain/bin/../lib/gcc/avr/4.7.2/avr5\libgcc.a(_udivmodhi4.o)
 .text.libgcc.builtins
                0x00000000        0x0 c:/program files (x86)/atmel/atmel toolchain/avr8 gcc/native/3.4.2.1002/avr8-gnu-toolchain/bin/../lib/gcc/avr/4.7.2/avr5\libgcc.a(_udivmodhi4.o)
 .text.libgcc.fmul
                0x00000000        0x0 c:/program files (x86)/atmel/atmel toolchain/avr8 gcc/native/3.4.2.1002/avr8-gnu-toolchain/bin/../lib/gcc/avr/4.7.2/avr5\libgcc.a(_udivmodhi4.o)
 .text          0x00000000        0x0 c:/program files (x86)/atmel/atmel toolchain/avr8 gcc/native/3.4.2.1002/avr8-gnu-toolchain/bin/../lib/gcc/avr/4.7.2/../../../../avr/lib/avr5\libc.a(memcpy.o)
 .bss           0x00000000        0x0 c:/program files (x86)/atmel/atmel toolchain/avr8 gcc/native/3.4.2.1002/avr8-gnu-toolchain/bin/../lib/gcc/avr/4.7.2/../../../../avr/lib/avr5\libc.a(memcpy.o)
 .text          0x00000000        0x0 c:/program files (x86)/atmel/atmel toolchain/avr8 gcc/native/3.4.2.1002/avr8-gnu-toolchain/bin/../lib/gcc/avr/4.7.2/../../../../avr/lib/avr5\libc.a(sprintf.o)
 .bss           0x00000000        0x0 c:/program files (x86)/atmel/atmel toolchain/avr8 gcc/native/3.4.2.1002/avr8-gnu-toolchain/bin/../lib/gcc/avr/4.7.2/../../../../avr/lib/avr5\libc.a(sprintf.o)
 .text.avr-libc
                0x00000000       0x44 c:/program files (x86)/atmel/atmel toolchain/avr8 gcc/native/3.4.2.1002/avr8-gnu-toolchain/bin/../lib/gcc/avr/4.7.2/../../../../avr/lib/avr5\libc.a(sprintf.o)
 .text          0x00000000        0x0 c:/program files (x86)/atmel/atmel toolchain/avr8 gcc/native/3.4.2.1002/avr8-gnu-toolchain/bin/../lib/gcc/avr/4.7.2/../../../../avr/lib/avr5\libc.a(vfprintf_std.o)
 .bss           0x00000000        0x0 c:/program files (x86)/atmel/atmel toolchain/avr8 gcc/native/3.4.2.1002/avr8-gnu-toolchain/bin/../lib/gcc/avr/4.7.2/../../../../avr/lib/avr5\libc.a(vfprintf_std.o)
 .text.avr-libc
                0x00000000      0x3b8 c:/program files (x86)/atmel/atmel toolchain/avr8 gcc/native/3.4.2.1002/avr8-gnu-toolchain/bin/../lib/gcc/avr/4.7.2/../../../../avr/lib/avr5\libc.a(vfprintf_std.o)
 .text          0x00000000        0x0 c:/program files (x86)/atmel/atmel toolchain/avr8 gcc/native/3.4.2.1002/avr8-gnu-toolchain/bin/../lib/gcc/avr/4.7.2/../../../../avr/lib/avr5\libc.a(strnlen_P.o)
 .bss           0x00000000        0x0 c:/program files (x86)/atmel/atmel toolchain/avr8 gcc/native/3.4.2.1002/avr8-gnu-toolchain/bin/../lib/gcc/avr/4.7.2/../../../../avr/lib/avr5\libc.a(strnlen_P.o)
 .text.avr-libc
                0x00000000       0x16 c:/program files (x86)/atmel/atmel toolchain/avr8 gcc/native/3.4.2.1002/avr8-gnu-toolchain/bin/../lib/gcc/avr/4.7.2/../../../../avr/lib/avr5\libc.a(strnlen_P.o)
 .text          0x00000000        0x0 c:/program files (x86)/atmel/atmel toolchain/avr8 gcc/native/3.4.2.1002/avr8-gnu-toolchain/bin/../lib/gcc/avr/4.7.2/../../../../avr/lib/avr5\libc.a(strnlen.o)
 .bss           0x00000000        0x0 c:/program files (x86)/atmel/atmel toolchain/avr8 gcc/native/3.4.2.1002/avr8-gnu-toolchain/bin/../lib/gcc/avr/4.7.2/../../../../avr/lib/avr5\libc.a(strnlen.o)
 .text.avr-libc
                0x00000000       0x16 c:/program files (x86)/atmel/atmel toolchain/avr8 gcc/native/3.4.2.1002/avr8-gnu-toolchain/bin/../lib/gcc/avr/4.7.2/../../../../avr/lib/avr5\libc.a(strnlen.o)
 .text          0x00000000        0x0 c:/program files (x86)/atmel/atmel toolchain/avr8 gcc/native/3.4.2.1002/avr8-gnu-toolchain/bin/../lib/gcc/avr/4.7.2/../../../../avr/lib/avr5\libc.a(fputc.o)
 .bss           0x00000000        0x0 c:/program files (x86)/atmel/atmel toolchain/avr8 gcc/native/3.4.2.1002/avr8-gnu-toolchain/bin/../lib/gcc/avr/4.7.2/../../../../avr/lib/avr5\libc.a(fputc.o)
 .text.avr-libc
                0x00000000       0x58 c:/program files (x86)/atmel/atmel toolchain/avr8 gcc/native/3.4.2.1002/avr8-gnu-toolchain/bin/../lib/gcc/avr/4.7.2/../../../../avr/lib/avr5\libc.a(fputc.o)
 .text          0x00000000        0x0 c:/program files (x86)/atmel/atmel toolchain/avr8 gcc/native/3.4.2.1002/avr8-gnu-toolchain/bin/../lib/gcc/avr/4.7.2/../../../../avr/lib/avr5\libc.a(ultoa_invert.o)
 .bss           0x00000000        0x0 c:/program files (x86)/atmel/atmel toolchain/avr8 gcc/native/3.4.2.1002/avr8-gnu-toolchain/bin/../lib/gcc/avr/4.7.2/../../../../avr/lib/avr5\libc.a(ultoa_invert.o)
 .text.avr-libc
                0x00000000       0xbc c:/program files (x86)/atmel/atmel toolchain/avr8 gcc/native/3.4.2.1002/avr8-gnu-toolchain/bin/../lib/gcc/avr/4.7.2/../../../../avr/lib/avr5\libc.a(ultoa_invert.o)
 .text          0x00000000        0x0 c:/program files (x86)/atmel/atmel toolchain/avr8 gcc/native/3.4.2.1002/avr8-gnu-toolchain/bin/../lib/gcc/avr/4.7.2/avr5\libgcc.a(_prologue.o)
 .bss           0x00000000        0x0 c:/program files (x86)/atmel/atmel toolchain/avr8 gcc/native/3.4.2.1002/avr8-gnu-toolchain/bin/../lib/gcc/avr/4.7.2/avr5\libgcc.a(_prologue.o)
 .text.libgcc.mul
                0x00000000        0x0 c:/program files (x86)/atmel/atmel toolchain/avr8 gcc/native/3.4.2.1002/avr8-gnu-toolchain/bin/../lib/gcc/avr/4.7.2/avr5\libgcc.a(_prologue.o)
 .text.libgcc.div
                0x00000000        0x0 c:/program files (x86)/atmel/atmel toolchain/avr8 gcc/native/3.4.2.1002/avr8-gnu-toolchain/bin/../lib/gcc/avr/4.7.2/avr5\libgcc.a(_prologue.o)
 .text.libgcc   0x00000000        0x0 c:/program files (x86)/atmel/atmel toolchain/avr8 gcc/native/3.4.2.1002/avr8-gnu-toolchain/bin/../lib/gcc/avr/4.7.2/avr5\libgcc.a(_prologue.o)
 .text.libgcc.prologue
                0x00000000       0x38 c:/program files (x86)/atmel/atmel toolchain/avr8 gcc/native/3.4.2.1002/avr8-gnu-toolchain/bin/../lib/gcc/avr/4.7.2/avr5\libgcc.a(_prologue.o)
 .text.libgcc.builtins
                0x00000000        0x0 c:/program files (x86)/atmel/atmel toolchain/avr8 gcc/native/3.4.2.1002/avr8-gnu-toolchain/bin/../lib/gcc/avr/4.7.2/avr5\libgcc.a(_prologue.o)
 .text.libgcc.fmul
                0x00000000        0x0 c:/program files (x86)/atmel/atmel toolchain/avr8 gcc/native/3.4.2.1002/avr8-gnu-toolchain/bin/../lib/gcc/avr/4.7.2/avr5\libgcc.a(_prologue.o)
 .text          0x00000000        0x0 c:/program files (x86)/atmel/atmel toolchain/avr8 gcc/native/3.4.2.1002/avr8-gnu-toolchain/bin/../lib/gcc/avr/4.7.2/avr5\libgcc.a(_epilogue.o)
 .bss           0x00000000        0x0 c:/program files (x86)/atmel/atmel toolchain/avr8 gcc/native/3.4.2.1002/avr8-gnu-toolchain/bin/../lib/gcc/avr/4.7.2/avr5\libgcc.a(_epilogue.o)
 .text.libgcc.mul
                0x00000000        0x0 c:/program files (x86)/atmel/atmel toolchain/avr8 gcc/native/3.4.2.1002/avr8-gnu-toolchain/bin/../lib/gcc/avr/4.7.2/avr5\libgcc.a(_epilogue.o)
 .text.libgcc.div
                0x00000000        0x0 c:/program files (x86)/atmel/atmel toolchain/avr8 gcc/native/3.4.2.1002/avr8-gnu-toolchain/bin/../lib/gcc/avr/4.7.2/avr5\libgcc.a(_epilogue.o)
 .text.libgcc   0x00000000        0x0 c:/program files (x86)/atmel/atmel toolchain/avr8 gcc/native/3.4.2.1002/avr8-gnu-toolchain/bin/../lib/gcc/avr/4.7.2/avr5\libgcc.a(_epilogue.o)
 .text.libgcc.prologue
                0x00000000       0x36 c:/program files (x86)/atmel/atmel toolchain/avr8 gcc/native/3.4.2.1002/avr8-gnu-toolchain/bin/../lib/gcc/avr/4.7.2/avr5\libgcc.a(_epilogue.o)
 .text.libgcc.builtins
                0x00000000        0x0 c:/program files (x86)/atmel/atmel toolchain/avr8 gcc/native/3.4.2.1002/avr8-gnu-toolchain/bin/../lib/gcc/avr/4.7.2/avr5\libgcc.a(_epilogue.o)
 .text.libgcc.fmul
                0x00000000        0x0 c:/program files (x86)/atmel/atmel toolchain/avr8 gcc/native/3.4.2.1002/avr8-gnu-toolchain/bin/../lib/gcc/avr/4.7.2/avr5\libgcc.a(_epilogue.o)

Memory Configuration

Name             Origin             Length             Attributes
text             0x00000000         0x00020000         xr
data             0x00800060         0x0000ffa0         rw !x
eeprom           0x00810000         0x00010000         rw !x
fuse             0x00820000         0x00000400         rw !x
lock             0x00830000         0x00000400         rw !x
signature        0x00840000         0x00000400         rw !x
user_signatures  0x00850000         0x00000400         rw !x
*default*        0x00000000         0xffffffff

Linker script and memory map

Address of section .data set to 0x800100
LOAD c:/program files (x86)/atmel/atmel toolchain/avr8 gcc/native/3.4.2.1002/avr8-gnu-toolchain/bin/../lib/gcc/avr/4.7.2/../../../../avr/lib/avr5/crtm328p.o
LOAD delay.o
LOAD I2C_master.o
LOAD log.o
LOAD millis.o
LOAD ONTVANGER.o
LOAD pca9635.o
LOAD RF12.o
LOAD timer2.o
LOAD tone.o
LOAD uart.o
START GROUP
LOAD c:/program files (x86)/atmel/atmel toolchain/avr8 gcc/native/3.4.2.1002/avr8-gnu-toolchain/bin/../lib/gcc/avr/4.7.2/../../../../avr/lib/avr5\libm.a
END GROUP
LOAD c:/program files (x86)/atmel/atmel toolchain/avr8 gcc/native/3.4.2.1002/avr8-gnu-toolchain/bin/../lib/gcc/avr/4.7.2/avr5\libgcc.a
LOAD c:/program files (x86)/atmel/atmel toolchain/avr8 gcc/native/3.4.2.1002/avr8-gnu-toolchain/bin/../lib/gcc/avr/4.7.2/../../../../avr/lib/avr5\libm.a
LOAD c:/program files (x86)/atmel/atmel toolchain/avr8 gcc/native/3.4.2.1002/avr8-gnu-toolchain/bin/../lib/gcc/avr/4.7.2/avr5\libgcc.a
LOAD c:/program files (x86)/atmel/atmel toolchain/avr8 gcc/native/3.4.2.1002/avr8-gnu-toolchain/bin/../lib/gcc/avr/4.7.2/../../../../avr/lib/avr5\libc.a
LOAD c:/program files (x86)/atmel/atmel toolchain/avr8 gcc/native/3.4.2.1002/avr8-gnu-toolchain/bin/../lib/gcc/avr/4.7.2/avr5\libgcc.a

.hash
 *(.hash)

.dynsym
 *(.dynsym)

.dynstr
 *(.dynstr)

.gnu.version
 *(.gnu.version)

.gnu.version_d
 *(.gnu.version_d)

.gnu.version_r
 *(.gnu.version_r)

.rel.init
 *(.rel.init)

.rela.init
 *(.rela.init)

.rel.text
 *(.rel.text)
 *(.rel.text.*)
 *(.rel.gnu.linkonce.t*)

.rela.text
 *(.rela.text)
 *(.rela.text.*)
 *(.rela.gnu.linkonce.t*)

.rel.fini
 *(.rel.fini)

.rela.fini
 *(.rela.fini)

.rel.rodata
 *(.rel.rodata)
 *(.rel.rodata.*)
 *(.rel.gnu.linkonce.r*)

.rela.rodata
 *(.rela.rodata)
 *(.rela.rodata.*)
 *(.rela.gnu.linkonce.r*)

.rel.data
 *(.rel.data)
 *(.rel.data.*)
 *(.rel.gnu.linkonce.d*)

.rela.data
 *(.rela.data)
 *(.rela.data.*)
 *(.rela.gnu.linkonce.d*)

.rel.ctors
 *(.rel.ctors)

.rela.ctors
 *(.rela.ctors)

.rel.dtors
 *(.rel.dtors)

.rela.dtors
 *(.rela.dtors)

.rel.got
 *(.rel.got)

.rela.got
 *(.rela.got)

.rel.bss
 *(.rel.bss)

.rela.bss
 *(.rela.bss)

.rel.plt
 *(.rel.plt)

.rela.plt
 *(.rela.plt)

.text           0x00000000     0x1ab2
 *(.vectors)
 .vectors       0x00000000       0x68 c:/program files (x86)/atmel/atmel toolchain/avr8 gcc/native/3.4.2.1002/avr8-gnu-toolchain/bin/../lib/gcc/avr/4.7.2/../../../../avr/lib/avr5/crtm328p.o
                0x00000000                __vector_default
                0x00000000                __vectors
 *(.vectors)
 *(.progmem.gcc*)
 *(.progmem*)
 .progmem.data._ZL16icon_led_numbers
                0x00000068        0xc ONTVANGER.o
 .progmem.data._ZL22sound_pattern_doorbell
                0x00000074       0x40 ONTVANGER.o
 .progmem.data._ZL19sound_pattern_phone
                0x000000b4      0x300 ONTVANGER.o
 .progmem.data._ZL18sound_pattern_fire
                0x000003b4       0x80 ONTVANGER.o
 .progmem.data._ZL18sound_pattern_help
                0x00000434       0x48 ONTVANGER.o
 .progmem.data._ZL13flash_pattern
                0x0000047c      0x100 ONTVANGER.o
 .progmem.data._ZL11icon_colors
                0x0000057c        0xc ONTVANGER.o
                0x00000588                . = ALIGN (0x2)
                0x00000588                __trampolines_start = .
 *(.trampolines)
 .trampolines   0x00000588        0x0 linker stubs
 *(.trampolines*)
                0x00000588                __trampolines_end = .
 *(.jumptables)
 *(.jumptables*)
 *(.lowtext)
 *(.lowtext*)
                0x00000588                __ctors_start = .
 *(.ctors)
                0x00000588                __ctors_end = .
                0x00000588                __dtors_start = .
 *(.dtors)
                0x00000588                __dtors_end = .
 SORT(*)(.ctors)
 SORT(*)(.dtors)
 *(.init0)
 .init0         0x00000588        0x0 c:/program files (x86)/atmel/atmel toolchain/avr8 gcc/native/3.4.2.1002/avr8-gnu-toolchain/bin/../lib/gcc/avr/4.7.2/../../../../avr/lib/avr5/crtm328p.o
                0x00000588                __init
 *(.init0)
 *(.init1)
 *(.init1)
 *(.init2)
 .init2         0x00000588        0xc c:/program files (x86)/atmel/atmel toolchain/avr8 gcc/native/3.4.2.1002/avr8-gnu-toolchain/bin/../lib/gcc/avr/4.7.2/../../../../avr/lib/avr5/crtm328p.o
 *(.init2)
 *(.init3)
 *(.init3)
 *(.init4)
 .init4         0x00000594       0x16 c:/program files (x86)/atmel/atmel toolchain/avr8 gcc/native/3.4.2.1002/avr8-gnu-toolchain/bin/../lib/gcc/avr/4.7.2/avr5\libgcc.a(_copy_data.o)
                0x00000594                __do_copy_data
 .init4         0x000005aa       0x10 c:/program files (x86)/atmel/atmel toolchain/avr8 gcc/native/3.4.2.1002/avr8-gnu-toolchain/bin/../lib/gcc/avr/4.7.2/avr5\libgcc.a(_clear_bss.o)
                0x000005aa                __do_clear_bss
 *(.init4)
 *(.init5)
 *(.init5)
 *(.init6)
 *(.init6)
 *(.init7)
 *(.init7)
 *(.init8)
 *(.init8)
 *(.init9)
 .init9         0x000005ba        0x6 c:/program files (x86)/atmel/atmel toolchain/avr8 gcc/native/3.4.2.1002/avr8-gnu-toolchain/bin/../lib/gcc/avr/4.7.2/../../../../avr/lib/avr5/crtm328p.o
 *(.init9)
 *(.text)
 .text          0x000005c0        0x2 c:/program files (x86)/atmel/atmel toolchain/avr8 gcc/native/3.4.2.1002/avr8-gnu-toolchain/bin/../lib/gcc/avr/4.7.2/../../../../avr/lib/avr5/crtm328p.o
                0x000005c0                __vector_22
                0x000005c0                __vector_24
                0x000005c0                __vector_12
                0x000005c0                __bad_interrupt
                0x000005c0                __vector_6
                0x000005c0                __vector_3
                0x000005c0                __vector_23
                0x000005c0                __vector_25
                0x000005c0                __vector_11
                0x000005c0                __vector_13
                0x000005c0                __vector_17
                0x000005c0                __vector_5
                0x000005c0                __vector_4
                0x000005c0                __vector_9
                0x000005c0                __vector_2
                0x000005c0                __vector_21
                0x000005c0                __vector_15
                0x000005c0                __vector_8
                0x000005c0                __vector_10
                0x000005c0                __vector_16
                0x000005c0                __vector_20
                0x000005c2                . = ALIGN (0x2)
 *(.text.*)
 .text.I2C_init
                0x000005c2        0x8 I2C_master.o
                0x000005c2                I2C_init
 .text.I2C_start
                0x000005ca       0x4a I2C_master.o
                0x000005ca                I2C_start
 .text.I2C_write
                0x00000614       0x24 I2C_master.o
                0x00000614                I2C_write
 .text.I2C_read_ack
                0x00000638       0x16 I2C_master.o
                0x00000638                I2C_read_ack
 .text.I2C_stop
                0x0000064e        0x8 I2C_master.o
                0x0000064e                I2C_stop
 .text.millis_init
                0x00000656       0x12 millis.o
                0x00000656                millis_init
 .text.millis_get
                0x00000668       0x28 millis.o
                0x00000668                millis_get
 .text.millis_resume
                0x00000690       0x16 millis.o
                0x00000690                millis_resume
 .text.millis_pause
                0x000006a6       0x16 millis.o
                0x000006a6                millis_pause
 .text.millis_reset
                0x000006bc       0x18 millis.o
                0x000006bc                millis_reset
 .text.__vector_14
                0x000006d4       0x4a millis.o
                0x000006d4                __vector_14
 .text._Z11timer2_initv
                0x0000071e       0x14 ONTVANGER.o
                0x0000071e                _Z11timer2_initv
 .text._Z13timer2_resumev
                0x00000732       0x16 ONTVANGER.o
                0x00000732                _Z13timer2_resumev
 .text._Z12timer2_pausev
                0x00000748       0x16 ONTVANGER.o
                0x00000748                _Z12timer2_pausev
 .text.main     0x0000075e      0x30c ONTVANGER.o
                0x0000075e                main
 .text._Z9isr_soundv
                0x00000a6a      0x21e ONTVANGER.o
                0x00000a6a                _Z9isr_soundv
 .text._Z15isr_light_flashv
                0x00000c88       0xc2 ONTVANGER.o
                0x00000c88                _Z15isr_light_flashv
 .text._Z14isr_light_iconv
                0x00000d4a      0x14a ONTVANGER.o
                0x00000d4a                _Z14isr_light_iconv
 .text.__vector_7
                0x00000e94       0xe6 ONTVANGER.o
                0x00000e94                __vector_7
 .text.pca9635_init
                0x00000f7a       0x6a pca9635.o
                0x00000f7a                pca9635_init
 .text.pca9635_set_led_pwm
                0x00000fe4       0x22 pca9635.o
                0x00000fe4                pca9635_set_led_pwm
 .text.pca9635_set_all_led_pwm
                0x00001006       0x20 pca9635.o
                0x00001006                pca9635_set_all_led_pwm
 .text.pca9635_set_sleep
                0x00001026       0x24 pca9635.o
                0x00001026                pca9635_set_sleep
 .text._ZL15blockInterruptsv
                0x0000104a        0x4 RF12.o
 .text._ZL15allowInterruptsv
                0x0000104e        0x4 RF12.o
 .text._ZL9rf12_byteh
                0x00001052        0xc RF12.o
 .text._ZL9rf12_xferj
                0x0000105e       0x2e RF12.o
 .text._ZL9rf12_idlev
                0x0000108c       0x2e RF12.o
 .text._Z12rf12_spiInitv
                0x000010ba       0x1a RF12.o
                0x000010ba                _Z12rf12_spiInitv
 .text._Z13rf12_recvDonev
                0x000010d4      0x160 RF12.o
                0x000010d4                _Z13rf12_recvDonev
 .text._Z15rf12_setBitrateh
                0x00001234       0xa8 RF12.o
                0x00001234                _Z15rf12_setBitrateh
 .text._Z19rf12_setFixedLengthh
                0x000012dc       0x12 RF12.o
                0x000012dc                _Z19rf12_setFixedLengthh
 .text._Z14rf12_sendStarth
                0x000012ee       0x92 RF12.o
                0x000012ee                _Z14rf12_sendStarth
 .text._Z14rf12_sendStarthPKvh
                0x00001380       0x1c RF12.o
                0x00001380                _Z14rf12_sendStarthPKvh
 .text._Z13rf12_sendWaith
                0x0000139c       0x3e RF12.o
                0x0000139c                _Z13rf12_sendWaith
 .text._Z21rf12_interruptcontrolv
                0x000013da        0x4 RF12.o
                0x000013da                _Z21rf12_interruptcontrolv
 .text._Z12rf12_restorehhh
                0x000013de       0xa8 RF12.o
                0x000013de                _Z12rf12_restorehhh
 .text._Z15rf12_initializehhh
                0x00001486       0x66 RF12.o
                0x00001486                _Z15rf12_initializehhh
 .text._Z16rf12_setWatchdogm
                0x000014ec       0xa4 RF12.o
                0x000014ec                _Z16rf12_setWatchdogm
 .text.__vector_1
                0x00001590      0x2c6 RF12.o
                0x00001590                __vector_1
 .text.tone_init
                0x00001856        0x4 tone.o
                0x00001856                tone_init
 .text.noTone   0x0000185a       0x1a tone.o
                0x0000185a                noTone
 .text.tone     0x00001874       0xd4 tone.o
                0x00001874                tone
 .text.__vector_18
                0x00001948       0x6a uart.o
                0x00001948                __vector_18
 .text.__vector_19
                0x000019b2       0x58 uart.o
                0x000019b2                __vector_19
 .text.libgcc.div
                0x00001a0a       0x26 c:/program files (x86)/atmel/atmel toolchain/avr8 gcc/native/3.4.2.1002/avr8-gnu-toolchain/bin/../lib/gcc/avr/4.7.2/avr5\libgcc.a(_divmodhi4.o)
                0x00001a0a                _div
                0x00001a0a                __divmodhi4
 .text.libgcc.div
                0x00001a30       0x44 c:/program files (x86)/atmel/atmel toolchain/avr8 gcc/native/3.4.2.1002/avr8-gnu-toolchain/bin/../lib/gcc/avr/4.7.2/avr5\libgcc.a(_udivmodsi4.o)
                0x00001a30                __udivmodsi4
 .text.libgcc.div
                0x00001a74       0x28 c:/program files (x86)/atmel/atmel toolchain/avr8 gcc/native/3.4.2.1002/avr8-gnu-toolchain/bin/../lib/gcc/avr/4.7.2/avr5\libgcc.a(_udivmodhi4.o)
                0x00001a74                __udivmodhi4
 .text.avr-libc
                0x00001a9c       0x12 c:/program files (x86)/atmel/atmel toolchain/avr8 gcc/native/3.4.2.1002/avr8-gnu-toolchain/bin/../lib/gcc/avr/4.7.2/../../../../avr/lib/avr5\libc.a(memcpy.o)
                0x00001a9c                memcpy
                0x00001aae                . = ALIGN (0x2)
 *(.fini9)
 .fini9         0x00001aae        0x0 c:/program files (x86)/atmel/atmel toolchain/avr8 gcc/native/3.4.2.1002/avr8-gnu-toolchain/bin/../lib/gcc/avr/4.7.2/avr5\libgcc.a(_exit.o)
                0x00001aae                _exit
                0x00001aae                exit
 *(.fini9)
 *(.fini8)
 *(.fini8)
 *(.fini7)
 *(.fini7)
 *(.fini6)
 *(.fini6)
 *(.fini5)
 *(.fini5)
 *(.fini4)
 *(.fini4)
 *(.fini3)
 *(.fini3)
 *(.fini2)
 *(.fini2)
 *(.fini1)
 *(.fini1)
 *(.fini0)
 .fini0         0x00001aae        0x4 c:/program files (x86)/atmel/atmel toolchain/avr8 gcc/native/3.4.2.1002/avr8-gnu-toolchain/bin/../lib/gcc/avr/4.7.2/avr5\libgcc.a(_exit.o)
 *(.fini0)
                0x00001ab2                _etext = .

.data           0x00800100       0x1a load address 0x00001ab2
                0x00800100                PROVIDE (__data_start, .)
 *(.data)
 .data          0x00800100        0x0 c:/program files (x86)/atmel/atmel toolchain/avr8 gcc/native/3.4.2.1002/avr8-gnu-toolchain/bin/../lib/gcc/avr/4.7.2/../../../../avr/lib/avr5/crtm328p.o
 .data          0x00800100        0x0 delay.o
 .data          0x00800100        0x0 I2C_master.o
 .data          0x00800100        0x0 log.o
 .data          0x00800100        0x0 millis.o
 .data          0x00800100        0x0 ONTVANGER.o
 .data          0x00800100        0x0 pca9635.o
 .data          0x00800100        0x0 RF12.o
 .data          0x00800100        0x0 timer2.o
 .data          0x00800100        0x0 tone.o
 .data          0x00800100        0x0 uart.o
 .data          0x00800100        0x0 c:/program files (x86)/atmel/atmel toolchain/avr8 gcc/native/3.4.2.1002/avr8-gnu-toolchain/bin/../lib/gcc/avr/4.7.2/avr5\libgcc.a(_divmodhi4.o)
 .data          0x00800100        0x0 c:/program files (x86)/atmel/atmel toolchain/avr8 gcc/native/3.4.2.1002/avr8-gnu-toolchain/bin/../lib/gcc/avr/4.7.2/avr5\libgcc.a(_udivmodsi4.o)
 .data          0x00800100        0x0 c:/program files (x86)/atmel/atmel toolchain/avr8 gcc/native/3.4.2.1002/avr8-gnu-toolchain/bin/../lib/gcc/avr/4.7.2/avr5\libgcc.a(_exit.o)
 .data          0x00800100        0x0 c:/program files (x86)/atmel/atmel toolchain/avr8 gcc/native/3.4.2.1002/avr8-gnu-toolchain/bin/../lib/gcc/avr/4.7.2/avr5\libgcc.a(_copy_data.o)
 .data          0x00800100        0x0 c:/program files (x86)/atmel/atmel toolchain/avr8 gcc/native/3.4.2.1002/avr8-gnu-toolchain/bin/../lib/gcc/avr/4.7.2/avr5\libgcc.a(_clear_bss.o)
 .data          0x00800100        0x0 c:/program files (x86)/atmel/atmel toolchain/avr8 gcc/native/3.4.2.1002/avr8-gnu-toolchain/bin/../lib/gcc/avr/4.7.2/avr5\libgcc.a(_udivmodhi4.o)
 .data          0x00800100        0x0 c:/program files (x86)/atmel/atmel toolchain/avr8 gcc/native/3.4.2.1002/avr8-gnu-toolchain/bin/../lib/gcc/avr/4.7.2/../../../../avr/lib/avr5\libc.a(memcpy.o)
 .data          0x00800100        0x0 c:/program files (x86)/atmel/atmel toolchain/avr8 gcc/native/3.4.2.1002/avr8-gnu-toolchain/bin/../lib/gcc/avr/4.7.2/../../../../avr/lib/avr5\libc.a(sprintf.o)
 .data          0x00800100        0x0 c:/program files (x86)/atmel/atmel toolchain/avr8 gcc/native/3.4.2.1002/avr8-gnu-toolchain/bin/../lib/gcc/avr/4.7.2/../../../../avr/lib/avr5\libc.a(vfprintf_std.o)
 .data          0x00800100        0x0 c:/program files (x86)/atmel/atmel toolchain/avr8 gcc/native/3.4.2.1002/avr8-gnu-toolchain/bin/../lib/gcc/avr/4.7.2/../../../../avr/lib/avr5\libc.a(strnlen_P.o)
 .data          0x00800100        0x0 c:/program files (x86)/atmel/atmel toolchain/avr8 gcc/native/3.4.2.1002/avr8-gnu-toolchain/bin/../lib/gcc/avr/4.7.2/../../../../avr/lib/avr5\libc.a(strnlen.o)
 .data          0x00800100        0x0 c:/program files (x86)/atmel/atmel toolchain/avr8 gcc/native/3.4.2.1002/avr8-gnu-toolchain/bin/../lib/gcc/avr/4.7.2/../../../../avr/lib/avr5\libc.a(fputc.o)
 .data          0x00800100        0x0 c:/program files (x86)/atmel/atmel toolchain/avr8 gcc/native/3.4.2.1002/avr8-gnu-toolchain/bin/../lib/gcc/avr/4.7.2/../../../../avr/lib/avr5\libc.a(ultoa_invert.o)
 .data          0x00800100        0x0 c:/program files (x86)/atmel/atmel toolchain/avr8 gcc/native/3.4.2.1002/avr8-gnu-toolchain/bin/../lib/gcc/avr/4.7.2/avr5\libgcc.a(_prologue.o)
 .data          0x00800100        0x0 c:/program files (x86)/atmel/atmel toolchain/avr8 gcc/native/3.4.2.1002/avr8-gnu-toolchain/bin/../lib/gcc/avr/4.7.2/avr5\libgcc.a(_epilogue.o)
 *(.data*)
 .data.alarm_duration
                0x00800100        0x4 ONTVANGER.o
                0x00800100                alarm_duration
 .data._tAC_volume
                0x00800104        0xa tone.o
                0x00800104                _tAC_volume
 *(.rodata)
 *(.rodata*)
 .rodata._ZL13alarm_bitmask
                0x0080010e        0x4 ONTVANGER.o
 .rodata._ZL16sound_alarm_keys
                0x00800112        0x4 ONTVANGER.o
 .rodata._ZL14drssi_dec_tree
                0x00800116        0x3 RF12.o
 *(.gnu.linkonce.d*)
                0x0080011a                . = ALIGN (0x2)
 *fill*         0x00800119        0x1 
                0x0080011a                _edata = .
                0x0080011a                PROVIDE (__data_end, .)

.bss            0x0080011a      0x17c
                0x0080011a                PROVIDE (__bss_start, .)
 *(.bss)
 *(.bss*)
 .bss.milliseconds
                0x0080011a        0x4 millis.o
 .bss._icon_time
                0x0080011e        0x4 ONTVANGER.o
                0x0080011e                _icon_time
 .bss.icon_current_step
                0x00800122        0x1 ONTVANGER.o
                0x00800122                icon_current_step
 .bss.icon_current_alarm
                0x00800123        0x1 ONTVANGER.o
                0x00800123                icon_current_alarm
 .bss._flash_time
                0x00800124        0x4 ONTVANGER.o
                0x00800124                _flash_time
 .bss._flash_current_step
                0x00800128        0x1 ONTVANGER.o
                0x00800128                _flash_current_step
 .bss._sound_note_time
                0x00800129        0x4 ONTVANGER.o
                0x00800129                _sound_note_time
 .bss.sound_current_step
                0x0080012d        0x1 ONTVANGER.o
                0x0080012d                sound_current_step
 .bss.sound_current_alarm
                0x0080012e        0x1 ONTVANGER.o
                0x0080012e                sound_current_alarm
 .bss.active_alarm_time
                0x0080012f        0x4 ONTVANGER.o
                0x0080012f                active_alarm_time
 .bss.active_alarm
                0x00800133        0x1 ONTVANGER.o
                0x00800133                active_alarm
 .bss.deep_sleep_ok
                0x00800134        0x1 ONTVANGER.o
                0x00800134                deep_sleep_ok
 .bss.crypter   0x00800135        0x2 RF12.o
                0x00800135                crypter
 .bss.rf12_seq  0x00800137        0x4 RF12.o
                0x00800137                rf12_seq
 .bss.rf12_buf  0x0080013b       0x47 RF12.o
                0x0080013b                rf12_buf
 .bss.rf12_crc  0x00800182        0x2 RF12.o
                0x00800182                rf12_crc
 .bss.drssi_bytes_per_decision
                0x00800184        0x1 RF12.o
                0x00800184                drssi_bytes_per_decision
 .bss.drssi     0x00800185        0x1 RF12.o
                0x00800185                drssi
 .bss.rf12_gotwakeup
                0x00800186        0x1 RF12.o
                0x00800186                rf12_gotwakeup
 .bss.state     0x00800187        0x2 RF12.o
                0x00800187                state
 .bss.rfmstate  0x00800189        0x2 RF12.o
                0x00800189                rfmstate
 .bss._ZL7rxstate
                0x0080018b        0x1 RF12.o
 .bss._ZL6rxfill
                0x0080018c        0x1 RF12.o
 .bss._ZL5group
                0x0080018d        0x1 RF12.o
 .bss._ZL11fixedLength
                0x0080018e        0x1 RF12.o
 .bss._ZL6nodeid
                0x0080018f        0x1 RF12.o
 .bss._ZL4band  0x00800190        0x1 RF12.o
 .bss.UART_LastRxError
                0x00800191        0x1 uart.o
 .bss.UART_RxTail
                0x00800192        0x1 uart.o
 .bss.UART_RxHead
                0x00800193        0x1 uart.o
 .bss.UART_TxTail
                0x00800194        0x1 uart.o
 .bss.UART_TxHead
                0x00800195        0x1 uart.o
 .bss.UART_RxBuf
                0x00800196       0x80 uart.o
 .bss.UART_TxBuf
                0x00800216       0x80 uart.o
 *(COMMON)
                0x00800296                PROVIDE (__bss_end, .)
                0x00001ab2                __data_load_start = LOADADDR (.data)
                0x00001acc                __data_load_end = (__data_load_start + SIZEOF (.data))

.noinit         0x00800296        0x0
                0x00800296                PROVIDE (__noinit_start, .)
 *(.noinit*)
                0x00800296                PROVIDE (__noinit_end, .)
                0x00800296                _end = .
                0x00800296                PROVIDE (__heap_start, .)

.eeprom         0x00810000        0x0
 *(.eeprom*)
                0x00810000                __eeprom_end = .

.fuse
 *(.fuse)
 *(.lfuse)
 *(.hfuse)
 *(.efuse)

.lock
 *(.lock*)

.signature
 *(.signature*)

.user_signatures
 *(.user_signatures*)

.stab           0x00000000      0xd08
 *(.stab)
 .stab          0x00000000      0x6cc c:/program files (x86)/atmel/atmel toolchain/avr8 gcc/native/3.4.2.1002/avr8-gnu-toolchain/bin/../lib/gcc/avr/4.7.2/../../../../avr/lib/avr5/crtm328p.o
 .stab          0x000006cc       0x84 c:/program files (x86)/atmel/atmel toolchain/avr8 gcc/native/3.4.2.1002/avr8-gnu-toolchain/bin/../lib/gcc/avr/4.7.2/../../../../avr/lib/avr5\libc.a(memcpy.o)
                                 0x90 (size before relaxing)
 .stab          0x00000750       0x9c c:/program files (x86)/atmel/atmel toolchain/avr8 gcc/native/3.4.2.1002/avr8-gnu-toolchain/bin/../lib/gcc/avr/4.7.2/../../../../avr/lib/avr5\libc.a(strnlen_P.o)
                                 0xa8 (size before relaxing)
 .stab          0x000007ec       0x9c c:/program files (x86)/atmel/atmel toolchain/avr8 gcc/native/3.4.2.1002/avr8-gnu-toolchain/bin/../lib/gcc/avr/4.7.2/../../../../avr/lib/avr5\libc.a(strnlen.o)
                                 0xa8 (size before relaxing)
 .stab          0x00000888      0x480 c:/program files (x86)/atmel/atmel toolchain/avr8 gcc/native/3.4.2.1002/avr8-gnu-toolchain/bin/../lib/gcc/avr/4.7.2/../../../../avr/lib/avr5\libc.a(ultoa_invert.o)
                                0x48c (size before relaxing)

.stabstr        0x00000000      0x272
 *(.stabstr)
 .stabstr       0x00000000      0x272 c:/program files (x86)/atmel/atmel toolchain/avr8 gcc/native/3.4.2.1002/avr8-gnu-toolchain/bin/../lib/gcc/avr/4.7.2/../../../../avr/lib/avr5/crtm328p.o

.stab.excl
 *(.stab.excl)

.stab.exclstr
 *(.stab.exclstr)

.stab.index
 *(.stab.index)

.stab.indexstr
 *(.stab.indexstr)

.comment        0x00000000       0x2f
 *(.comment)
 .comment       0x00000000       0x2f delay.o
                                 0x30 (size before relaxing)
 .comment       0x00000000       0x30 I2C_master.o
 .comment       0x00000000       0x30 log.o
 .comment       0x00000000       0x30 millis.o
 .comment       0x00000000       0x30 ONTVANGER.o
 .comment       0x00000000       0x30 pca9635.o
 .comment       0x00000000       0x30 RF12.o
 .comment       0x00000000       0x30 timer2.o
 .comment       0x00000000       0x30 tone.o
 .comment       0x00000000       0x30 uart.o
 .comment       0x00000000       0x30 c:/program files (x86)/atmel/atmel toolchain/avr8 gcc/native/3.4.2.1002/avr8-gnu-toolchain/bin/../lib/gcc/avr/4.7.2/../../../../avr/lib/avr5\libc.a(sprintf.o)
 .comment       0x00000000       0x30 c:/program files (x86)/atmel/atmel toolchain/avr8 gcc/native/3.4.2.1002/avr8-gnu-toolchain/bin/../lib/gcc/avr/4.7.2/../../../../avr/lib/avr5\libc.a(vfprintf_std.o)
 .comment       0x00000000       0x30 c:/program files (x86)/atmel/atmel toolchain/avr8 gcc/native/3.4.2.1002/avr8-gnu-toolchain/bin/../lib/gcc/avr/4.7.2/../../../../avr/lib/avr5\libc.a(fputc.o)

.debug
 *(.debug)

.line
 *(.line)

.debug_srcinfo
 *(.debug_srcinfo)

.debug_sfnames
 *(.debug_sfnames)

.debug_aranges  0x00000000      0x3c0
 *(.debug_aranges)
 .debug_aranges
                0x00000000       0x28 delay.o
 .debug_aranges
                0x00000028       0x48 I2C_master.o
 .debug_aranges
                0x00000070       0x30 log.o
 .debug_aranges
                0x000000a0       0x58 millis.o
 .debug_aranges
                0x000000f8       0x68 ONTVANGER.o
 .debug_aranges
                0x00000160       0x40 pca9635.o
 .debug_aranges
                0x000001a0       0xe8 RF12.o
 .debug_aranges
                0x00000288       0x30 timer2.o
 .debug_aranges
                0x000002b8       0x30 tone.o
 .debug_aranges
                0x000002e8       0x78 uart.o
 .debug_aranges
                0x00000360       0x20 c:/program files (x86)/atmel/atmel toolchain/avr8 gcc/native/3.4.2.1002/avr8-gnu-toolchain/bin/../lib/gcc/avr/4.7.2/../../../../avr/lib/avr5\libc.a(sprintf.o)
 .debug_aranges
                0x00000380       0x20 c:/program files (x86)/atmel/atmel toolchain/avr8 gcc/native/3.4.2.1002/avr8-gnu-toolchain/bin/../lib/gcc/avr/4.7.2/../../../../avr/lib/avr5\libc.a(vfprintf_std.o)
 .debug_aranges
                0x000003a0       0x20 c:/program files (x86)/atmel/atmel toolchain/avr8 gcc/native/3.4.2.1002/avr8-gnu-toolchain/bin/../lib/gcc/avr/4.7.2/../../../../avr/lib/avr5\libc.a(fputc.o)

.debug_pubnames
 *(.debug_pubnames)

.debug_info     0x00000000     0x3a97
 *(.debug_info)
 .debug_info    0x00000000      0x1e9 delay.o
 .debug_info    0x000001e9      0x138 I2C_master.o
 .debug_info    0x00000321      0x1b2 log.o
 .debug_info    0x000004d3      0x309 millis.o
 .debug_info    0x000007dc      0xfa3 ONTVANGER.o
 .debug_info    0x0000177f      0x548 pca9635.o
 .debug_info    0x00001cc7      0xe81 RF12.o
 .debug_info    0x00002b48       0xac timer2.o
 .debug_info    0x00002bf4      0x13a tone.o
 .debug_info    0x00002d2e      0x4a8 uart.o
 .debug_info    0x000031d6      0x204 c:/program files (x86)/atmel/atmel toolchain/avr8 gcc/native/3.4.2.1002/avr8-gnu-toolchain/bin/../lib/gcc/avr/4.7.2/../../../../avr/lib/avr5\libc.a(sprintf.o)
 .debug_info    0x000033da      0x549 c:/program files (x86)/atmel/atmel toolchain/avr8 gcc/native/3.4.2.1002/avr8-gnu-toolchain/bin/../lib/gcc/avr/4.7.2/../../../../avr/lib/avr5\libc.a(vfprintf_std.o)
 .debug_info    0x00003923      0x174 c:/program files (x86)/atmel/atmel toolchain/avr8 gcc/native/3.4.2.1002/avr8-gnu-toolchain/bin/../lib/gcc/avr/4.7.2/../../../../avr/lib/avr5\libc.a(fputc.o)
 *(.gnu.linkonce.wi.*)

.debug_abbrev   0x00000000     0x126f
 *(.debug_abbrev)
 .debug_abbrev  0x00000000       0xee delay.o
 .debug_abbrev  0x000000ee       0xa5 I2C_master.o
 .debug_abbrev  0x00000193       0xb2 log.o
 .debug_abbrev  0x00000245      0x16b millis.o
 .debug_abbrev  0x000003b0      0x352 ONTVANGER.o
 .debug_abbrev  0x00000702      0x12e pca9635.o
 .debug_abbrev  0x00000830      0x3ad RF12.o
 .debug_abbrev  0x00000bdd       0x4f timer2.o
 .debug_abbrev  0x00000c2c       0xc4 tone.o
 .debug_abbrev  0x00000cf0      0x18e uart.o
 .debug_abbrev  0x00000e7e      0x12a c:/program files (x86)/atmel/atmel toolchain/avr8 gcc/native/3.4.2.1002/avr8-gnu-toolchain/bin/../lib/gcc/avr/4.7.2/../../../../avr/lib/avr5\libc.a(sprintf.o)
 .debug_abbrev  0x00000fa8      0x1d6 c:/program files (x86)/atmel/atmel toolchain/avr8 gcc/native/3.4.2.1002/avr8-gnu-toolchain/bin/../lib/gcc/avr/4.7.2/../../../../avr/lib/avr5\libc.a(vfprintf_std.o)
 .debug_abbrev  0x0000117e       0xf1 c:/program files (x86)/atmel/atmel toolchain/avr8 gcc/native/3.4.2.1002/avr8-gnu-toolchain/bin/../lib/gcc/avr/4.7.2/../../../../avr/lib/avr5\libc.a(fputc.o)

.debug_line     0x00000000     0x2682
 *(.debug_line)
 .debug_line    0x00000000      0x1ae delay.o
 .debug_line    0x000001ae      0x20b I2C_master.o
 .debug_line    0x000003b9      0x102 log.o
 .debug_line    0x000004bb      0x2e5 millis.o
 .debug_line    0x000007a0      0x785 ONTVANGER.o
 .debug_line    0x00000f25      0x29b pca9635.o
 .debug_line    0x000011c0      0x916 RF12.o
 .debug_line    0x00001ad6      0x11d timer2.o
 .debug_line    0x00001bf3      0x185 tone.o
 .debug_line    0x00001d78      0x319 uart.o
 .debug_line    0x00002091      0x194 c:/program files (x86)/atmel/atmel toolchain/avr8 gcc/native/3.4.2.1002/avr8-gnu-toolchain/bin/../lib/gcc/avr/4.7.2/../../../../avr/lib/avr5\libc.a(sprintf.o)
 .debug_line    0x00002225      0x359 c:/program files (x86)/atmel/atmel toolchain/avr8 gcc/native/3.4.2.1002/avr8-gnu-toolchain/bin/../lib/gcc/avr/4.7.2/../../../../avr/lib/avr5\libc.a(vfprintf_std.o)
 .debug_line    0x0000257e      0x104 c:/program files (x86)/atmel/atmel toolchain/avr8 gcc/native/3.4.2.1002/avr8-gnu-toolchain/bin/../lib/gcc/avr/4.7.2/../../../../avr/lib/avr5\libc.a(fputc.o)

.debug_frame    0x00000000      0x924
 *(.debug_frame)
 .debug_frame   0x00000000       0x34 delay.o
 .debug_frame   0x00000034       0x74 I2C_master.o
 .debug_frame   0x000000a8       0x44 log.o
 .debug_frame   0x000000ec       0xf4 millis.o
 .debug_frame   0x000001e0      0x148 ONTVANGER.o
 .debug_frame   0x00000328       0x8c pca9635.o
 .debug_frame   0x000003b4      0x29c RF12.o
 .debug_frame   0x00000650       0x44 timer2.o
 .debug_frame   0x00000694       0x64 tone.o
 .debug_frame   0x000006f8      0x178 uart.o
 .debug_frame   0x00000870       0x30 c:/program files (x86)/atmel/atmel toolchain/avr8 gcc/native/3.4.2.1002/avr8-gnu-toolchain/bin/../lib/gcc/avr/4.7.2/../../../../avr/lib/avr5\libc.a(sprintf.o)
 .debug_frame   0x000008a0       0x4c c:/program files (x86)/atmel/atmel toolchain/avr8 gcc/native/3.4.2.1002/avr8-gnu-toolchain/bin/../lib/gcc/avr/4.7.2/../../../../avr/lib/avr5\libc.a(vfprintf_std.o)
 .debug_frame   0x000008ec       0x38 c:/program files (x86)/atmel/atmel toolchain/avr8 gcc/native/3.4.2.1002/avr8-gnu-toolchain/bin/../lib/gcc/avr/4.7.2/../../../../avr/lib/avr5\libc.a(fputc.o)

.debug_str      0x00000000      0xe4d
 *(.debug_str)
 .debug_str     0x00000000      0x11f delay.o
                                0x175 (size before relaxing)
 .debug_str     0x0000011f       0x60 I2C_master.o
                                0x13d (size before relaxing)
 .debug_str     0x0000017f       0x56 log.o
                                0x13c (size before relaxing)
 .debug_str     0x000001d5       0xb3 millis.o
                                0x18b (size before relaxing)
 .debug_str     0x00000288      0x43b ONTVANGER.o
                                0x64d (size before relaxing)
 .debug_str     0x000006c3       0x36 pca9635.o
                                0x193 (size before relaxing)
 .debug_str     0x000006f9      0x434 RF12.o
                                0x5f8 (size before relaxing)
 .debug_str     0x00000b2d        0xe timer2.o
                                0x10d (size before relaxing)
 .debug_str     0x00000b3b       0x27 tone.o
                                0x138 (size before relaxing)
 .debug_str     0x00000b62      0x10e uart.o
                                0x248 (size before relaxing)
 .debug_str     0x00000c70       0xac c:/program files (x86)/atmel/atmel toolchain/avr8 gcc/native/3.4.2.1002/avr8-gnu-toolchain/bin/../lib/gcc/avr/4.7.2/../../../../avr/lib/avr5\libc.a(sprintf.o)
                                0x13c (size before relaxing)
 .debug_str     0x00000d1c       0xcf c:/program files (x86)/atmel/atmel toolchain/avr8 gcc/native/3.4.2.1002/avr8-gnu-toolchain/bin/../lib/gcc/avr/4.7.2/../../../../avr/lib/avr5\libc.a(vfprintf_std.o)
                                0x1ad (size before relaxing)
 .debug_str     0x00000deb       0x62 c:/program files (x86)/atmel/atmel toolchain/avr8 gcc/native/3.4.2.1002/avr8-gnu-toolchain/bin/../lib/gcc/avr/4.7.2/../../../../avr/lib/avr5\libc.a(fputc.o)
                                0x10d (size before relaxing)

.debug_loc      0x00000000     0x22d8
 *(.debug_loc)
 .debug_loc     0x00000000       0xd4 delay.o
 .debug_loc     0x000000d4       0x81 I2C_master.o
 .debug_loc     0x00000155       0x72 log.o
 .debug_loc     0x000001c7      0x1fb millis.o
 .debug_loc     0x000003c2      0x659 ONTVANGER.o
 .debug_loc     0x00000a1b      0x27e pca9635.o
 .debug_loc     0x00000c99      0xa30 RF12.o
 .debug_loc     0x000016c9      0x16c tone.o
 .debug_loc     0x00001835      0x472 uart.o
 .debug_loc     0x00001ca7       0x21 c:/program files (x86)/atmel/atmel toolchain/avr8 gcc/native/3.4.2.1002/avr8-gnu-toolchain/bin/../lib/gcc/avr/4.7.2/../../../../avr/lib/avr5\libc.a(sprintf.o)
 .debug_loc     0x00001cc8      0x51d c:/program files (x86)/atmel/atmel toolchain/avr8 gcc/native/3.4.2.1002/avr8-gnu-toolchain/bin/../lib/gcc/avr/4.7.2/../../../../avr/lib/avr5\libc.a(vfprintf_std.o)
 .debug_loc     0x000021e5       0xf3 c:/program files (x86)/atmel/atmel toolchain/avr8 gcc/native/3.4.2.1002/avr8-gnu-toolchain/bin/../lib/gcc/avr/4.7.2/../../../../avr/lib/avr5\libc.a(fputc.o)

.debug_macinfo
 *(.debug_macinfo)

.debug_pubtypes
 *(.debug_pubtypes)

.debug_ranges   0x00000000      0x388
 *(.debug_ranges)
 .debug_ranges  0x00000000       0x18 delay.o
 .debug_ranges  0x00000018       0x38 I2C_master.o
 .debug_ranges  0x00000050       0x20 log.o
 .debug_ranges  0x00000070       0x48 millis.o
 .debug_ranges  0x000000b8       0xa8 ONTVANGER.o
 .debug_ranges  0x00000160       0x30 pca9635.o
 .debug_ranges  0x00000190      0x108 RF12.o
 .debug_ranges  0x00000298       0x20 timer2.o
 .debug_ranges  0x000002b8       0x20 tone.o
 .debug_ranges  0x000002d8       0x80 uart.o
 .debug_ranges  0x00000358       0x10 c:/program files (x86)/atmel/atmel toolchain/avr8 gcc/native/3.4.2.1002/avr8-gnu-toolchain/bin/../lib/gcc/avr/4.7.2/../../../../avr/lib/avr5\libc.a(sprintf.o)
 .debug_ranges  0x00000368       0x10 c:/program files (x86)/atmel/atmel toolchain/avr8 gcc/native/3.4.2.1002/avr8-gnu-toolchain/bin/../lib/gcc/avr/4.7.2/../../../../avr/lib/avr5\libc.a(vfprintf_std.o)
 .debug_ranges  0x00000378       0x10 c:/program files (x86)/atmel/atmel toolchain/avr8 gcc/native/3.4.2.1002/avr8-gnu-toolchain/bin/../lib/gcc/avr/4.7.2/../../../../avr/lib/avr5\libc.a(fputc.o)

.debug_macro
 *(.debug_macro)
OUTPUT(ONTVANGER.elf elf32-avr)
LOAD linker stubs
