Archive member included because of file (symbol)

c:/program files (x86)/atmel/atmel toolchain/avr8 gcc/native/3.4.2.1002/avr8-gnu-toolchain/bin/../lib/gcc/avr/4.7.2/avr5\libgcc.a(_udivmodsi4.o)
                              RF12.o (__udivmodsi4)
c:/program files (x86)/atmel/atmel toolchain/avr8 gcc/native/3.4.2.1002/avr8-gnu-toolchain/bin/../lib/gcc/avr/4.7.2/avr5\libgcc.a(_exit.o)
                              c:/program files (x86)/atmel/atmel toolchain/avr8 gcc/native/3.4.2.1002/avr8-gnu-toolchain/bin/../lib/gcc/avr/4.7.2/../../../../avr/lib/avr5/crtm328p.o (exit)
c:/program files (x86)/atmel/atmel toolchain/avr8 gcc/native/3.4.2.1002/avr8-gnu-toolchain/bin/../lib/gcc/avr/4.7.2/avr5\libgcc.a(_copy_data.o)
                              doorbell.o (__do_copy_data)
c:/program files (x86)/atmel/atmel toolchain/avr8 gcc/native/3.4.2.1002/avr8-gnu-toolchain/bin/../lib/gcc/avr/4.7.2/avr5\libgcc.a(_clear_bss.o)
                              doorbell.o (__do_clear_bss)
c:/program files (x86)/atmel/atmel toolchain/avr8 gcc/native/3.4.2.1002/avr8-gnu-toolchain/bin/../lib/gcc/avr/4.7.2/avr5\libgcc.a(_umulhisi3.o)
                              RF69_compat.o (__umulhisi3)
c:/program files (x86)/atmel/atmel toolchain/avr8 gcc/native/3.4.2.1002/avr8-gnu-toolchain/bin/../lib/gcc/avr/4.7.2/avr5\libgcc.a(_muluhisi3.o)
                              RF69_compat.o (__muluhisi3)
c:/program files (x86)/atmel/atmel toolchain/avr8 gcc/native/3.4.2.1002/avr8-gnu-toolchain/bin/../lib/gcc/avr/4.7.2/../../../../avr/lib/avr5\libc.a(memcpy.o)
                              RF12.o (memcpy)

Discarded input sections

 .bss           0x00000000        0x0 c:/program files (x86)/atmel/atmel toolchain/avr8 gcc/native/3.4.2.1002/avr8-gnu-toolchain/bin/../lib/gcc/avr/4.7.2/../../../../avr/lib/avr5/crtm328p.o
 .text          0x00000000        0x0 doorbell.o
 .bss           0x00000000        0x0 doorbell.o
 .text          0x00000000        0x0 log.o
 .bss           0x00000000        0x0 log.o
 .text.log_uint16_t
                0x00000000        0x6 log.o
 .text.log_int16_t
                0x00000000        0x6 log.o
 .text          0x00000000        0x0 millis.o
 .bss           0x00000000        0x0 millis.o
 .text.millis_reset
                0x00000000       0x18 millis.o
 .text.millis_add
                0x00000000       0x44 millis.o
 .text.millis_subtract
                0x00000000       0x4c millis.o
 .text          0x00000000        0x0 ISA_OUDEREN_ZENDER.o
 .bss           0x00000000        0x0 ISA_OUDEREN_ZENDER.o
 .data.pre_payload
                0x00000000       0x32 ISA_OUDEREN_ZENDER.o
 .bss.deep_sleep_ok
                0x00000000        0x1 ISA_OUDEREN_ZENDER.o
 .text          0x00000000        0x0 RF12.o
 .bss           0x00000000        0x0 RF12.o
 .text._ZL15blockInterruptsv
                0x00000000        0x4 RF12.o
 .text._ZL15allowInterruptsv
                0x00000000        0x4 RF12.o
 .text._ZL9rf12_byteh
                0x00000000        0xc RF12.o
 .text._ZL9rf12_xferj
                0x00000000       0x36 RF12.o
 .text._Z12rf12_controlj
                0x00000000        0x6 RF12.o
 .text._Z13rf12_recvDonev
                0x00000000      0x164 RF12.o
 .text._Z12rf12_getRSSIv
                0x00000000       0x16 RF12.o
 .text._Z15rf12_setBitrateh
                0x00000000       0xb0 RF12.o
 .text._Z19rf12_setFixedLengthh
                0x00000000       0x12 RF12.o
 .text._Z12rf12_canSendv
                0x00000000       0x52 RF12.o
 .text._Z14rf12_sendStarth
                0x00000000       0x96 RF12.o
 .text._Z14rf12_sendStarthPKvh
                0x00000000       0x20 RF12.o
 .text._Z12rf12_sendNowhPKvh
                0x00000000       0x30 RF12.o
 .text._Z13rf12_sendWaith
                0x00000000       0x3e RF12.o
 .text._Z14rf12_sendStarthPKvhh
                0x00000000       0x12 RF12.o
 .text._Z21rf12_interruptcontrolv
                0x00000000        0x4 RF12.o
 .text._Z12rf12_restorehhhj
                0x00000000       0xda RF12.o
 .text._Z15rf12_initializehhhj
                0x00000000       0x7c RF12.o
 .text._Z10rf12_onOffh
                0x00000000       0x38 RF12.o
 .text._Z10rf12_sleepc
                0x00000000       0x26 RF12.o
 .text._Z16rf12_setWatchdogm
                0x00000000       0xaa RF12.o
 .text._Z11rf12_lowbatv
                0x00000000       0x10 RF12.o
 .text._Z18rf12_watchdogFiredv
                0x00000000        0xa RF12.o
 .bss.crypter   0x00000000        0x2 RF12.o
 .bss.rf12_seq  0x00000000        0x4 RF12.o
 .bss.rf12_buf  0x00000000       0x47 RF12.o
 .bss.rf12_crc  0x00000000        0x2 RF12.o
 .bss.drssi_bytes_per_decision
                0x00000000        0x1 RF12.o
 .bss.drssi     0x00000000        0x1 RF12.o
 .bss.rf12_gotwakeup
                0x00000000        0x1 RF12.o
 .bss.state     0x00000000        0x2 RF12.o
 .bss.rfmstate  0x00000000        0x2 RF12.o
 .bss._ZL7rxstate
                0x00000000        0x1 RF12.o
 .bss._ZL6rxfill
                0x00000000        0x1 RF12.o
 .bss._ZL11fixedLength
                0x00000000        0x1 RF12.o
 .bss._ZL6nodeid
                0x00000000        0x1 RF12.o
 .bss._ZL5group
                0x00000000        0x1 RF12.o
 .bss._ZL4band  0x00000000        0x1 RF12.o
 .text          0x00000000        0x0 RF69.o
 .bss           0x00000000        0x0 RF69.o
 .text          0x00000000        0x0 RF69_compat.o
 .bss           0x00000000        0x0 RF69_compat.o
 .text._Z13rf69_easyInith
                0x00000000        0x6 RF69_compat.o
 .bss._ZL10ezInterval
                0x00000000        0x1 RF69_compat.o
 .text          0x00000000        0x0 uart.o
 .bss           0x00000000        0x0 uart.o
 .text.uart0_getc
                0x00000000       0x3c uart.o
 .text.uart0_peek
                0x00000000       0x36 uart.o
 .text.uart0_puts_p
                0x00000000       0x24 uart.o
 .text.uart0_available
                0x00000000       0x1c uart.o
 .text.uart0_flush
                0x00000000        0xa uart.o
 .text          0x00000000        0x0 c:/program files (x86)/atmel/atmel toolchain/avr8 gcc/native/3.4.2.1002/avr8-gnu-toolchain/bin/../lib/gcc/avr/4.7.2/avr5\libgcc.a(_udivmodsi4.o)
 .bss           0x00000000        0x0 c:/program files (x86)/atmel/atmel toolchain/avr8 gcc/native/3.4.2.1002/avr8-gnu-toolchain/bin/../lib/gcc/avr/4.7.2/avr5\libgcc.a(_udivmodsi4.o)
 .text.libgcc.mul
                0x00000000        0x0 c:/program files (x86)/atmel/atmel toolchain/avr8 gcc/native/3.4.2.1002/avr8-gnu-toolchain/bin/../lib/gcc/avr/4.7.2/avr5\libgcc.a(_udivmodsi4.o)
 .text.libgcc   0x00000000        0x0 c:/program files (x86)/atmel/atmel toolchain/avr8 gcc/native/3.4.2.1002/avr8-gnu-toolchain/bin/../lib/gcc/avr/4.7.2/avr5\libgcc.a(_udivmodsi4.o)
 .text.libgcc.prologue
                0x00000000        0x0 c:/program files (x86)/atmel/atmel toolchain/avr8 gcc/native/3.4.2.1002/avr8-gnu-toolchain/bin/../lib/gcc/avr/4.7.2/avr5\libgcc.a(_udivmodsi4.o)
 .text.libgcc.builtins
                0x00000000        0x0 c:/program files (x86)/atmel/atmel toolchain/avr8 gcc/native/3.4.2.1002/avr8-gnu-toolchain/bin/../lib/gcc/avr/4.7.2/avr5\libgcc.a(_udivmodsi4.o)
 .text.libgcc.fmul
                0x00000000        0x0 c:/program files (x86)/atmel/atmel toolchain/avr8 gcc/native/3.4.2.1002/avr8-gnu-toolchain/bin/../lib/gcc/avr/4.7.2/avr5\libgcc.a(_udivmodsi4.o)
 .text          0x00000000        0x0 c:/program files (x86)/atmel/atmel toolchain/avr8 gcc/native/3.4.2.1002/avr8-gnu-toolchain/bin/../lib/gcc/avr/4.7.2/avr5\libgcc.a(_exit.o)
 .bss           0x00000000        0x0 c:/program files (x86)/atmel/atmel toolchain/avr8 gcc/native/3.4.2.1002/avr8-gnu-toolchain/bin/../lib/gcc/avr/4.7.2/avr5\libgcc.a(_exit.o)
 .text.libgcc.mul
                0x00000000        0x0 c:/program files (x86)/atmel/atmel toolchain/avr8 gcc/native/3.4.2.1002/avr8-gnu-toolchain/bin/../lib/gcc/avr/4.7.2/avr5\libgcc.a(_exit.o)
 .text.libgcc.div
                0x00000000        0x0 c:/program files (x86)/atmel/atmel toolchain/avr8 gcc/native/3.4.2.1002/avr8-gnu-toolchain/bin/../lib/gcc/avr/4.7.2/avr5\libgcc.a(_exit.o)
 .text.libgcc   0x00000000        0x0 c:/program files (x86)/atmel/atmel toolchain/avr8 gcc/native/3.4.2.1002/avr8-gnu-toolchain/bin/../lib/gcc/avr/4.7.2/avr5\libgcc.a(_exit.o)
 .text.libgcc.prologue
                0x00000000        0x0 c:/program files (x86)/atmel/atmel toolchain/avr8 gcc/native/3.4.2.1002/avr8-gnu-toolchain/bin/../lib/gcc/avr/4.7.2/avr5\libgcc.a(_exit.o)
 .text.libgcc.builtins
                0x00000000        0x0 c:/program files (x86)/atmel/atmel toolchain/avr8 gcc/native/3.4.2.1002/avr8-gnu-toolchain/bin/../lib/gcc/avr/4.7.2/avr5\libgcc.a(_exit.o)
 .text.libgcc.fmul
                0x00000000        0x0 c:/program files (x86)/atmel/atmel toolchain/avr8 gcc/native/3.4.2.1002/avr8-gnu-toolchain/bin/../lib/gcc/avr/4.7.2/avr5\libgcc.a(_exit.o)
 .text          0x00000000        0x0 c:/program files (x86)/atmel/atmel toolchain/avr8 gcc/native/3.4.2.1002/avr8-gnu-toolchain/bin/../lib/gcc/avr/4.7.2/avr5\libgcc.a(_copy_data.o)
 .bss           0x00000000        0x0 c:/program files (x86)/atmel/atmel toolchain/avr8 gcc/native/3.4.2.1002/avr8-gnu-toolchain/bin/../lib/gcc/avr/4.7.2/avr5\libgcc.a(_copy_data.o)
 .text.libgcc.mul
                0x00000000        0x0 c:/program files (x86)/atmel/atmel toolchain/avr8 gcc/native/3.4.2.1002/avr8-gnu-toolchain/bin/../lib/gcc/avr/4.7.2/avr5\libgcc.a(_copy_data.o)
 .text.libgcc.div
                0x00000000        0x0 c:/program files (x86)/atmel/atmel toolchain/avr8 gcc/native/3.4.2.1002/avr8-gnu-toolchain/bin/../lib/gcc/avr/4.7.2/avr5\libgcc.a(_copy_data.o)
 .text.libgcc   0x00000000        0x0 c:/program files (x86)/atmel/atmel toolchain/avr8 gcc/native/3.4.2.1002/avr8-gnu-toolchain/bin/../lib/gcc/avr/4.7.2/avr5\libgcc.a(_copy_data.o)
 .text.libgcc.prologue
                0x00000000        0x0 c:/program files (x86)/atmel/atmel toolchain/avr8 gcc/native/3.4.2.1002/avr8-gnu-toolchain/bin/../lib/gcc/avr/4.7.2/avr5\libgcc.a(_copy_data.o)
 .text.libgcc.builtins
                0x00000000        0x0 c:/program files (x86)/atmel/atmel toolchain/avr8 gcc/native/3.4.2.1002/avr8-gnu-toolchain/bin/../lib/gcc/avr/4.7.2/avr5\libgcc.a(_copy_data.o)
 .text.libgcc.fmul
                0x00000000        0x0 c:/program files (x86)/atmel/atmel toolchain/avr8 gcc/native/3.4.2.1002/avr8-gnu-toolchain/bin/../lib/gcc/avr/4.7.2/avr5\libgcc.a(_copy_data.o)
 .text          0x00000000        0x0 c:/program files (x86)/atmel/atmel toolchain/avr8 gcc/native/3.4.2.1002/avr8-gnu-toolchain/bin/../lib/gcc/avr/4.7.2/avr5\libgcc.a(_clear_bss.o)
 .bss           0x00000000        0x0 c:/program files (x86)/atmel/atmel toolchain/avr8 gcc/native/3.4.2.1002/avr8-gnu-toolchain/bin/../lib/gcc/avr/4.7.2/avr5\libgcc.a(_clear_bss.o)
 .text.libgcc.mul
                0x00000000        0x0 c:/program files (x86)/atmel/atmel toolchain/avr8 gcc/native/3.4.2.1002/avr8-gnu-toolchain/bin/../lib/gcc/avr/4.7.2/avr5\libgcc.a(_clear_bss.o)
 .text.libgcc.div
                0x00000000        0x0 c:/program files (x86)/atmel/atmel toolchain/avr8 gcc/native/3.4.2.1002/avr8-gnu-toolchain/bin/../lib/gcc/avr/4.7.2/avr5\libgcc.a(_clear_bss.o)
 .text.libgcc   0x00000000        0x0 c:/program files (x86)/atmel/atmel toolchain/avr8 gcc/native/3.4.2.1002/avr8-gnu-toolchain/bin/../lib/gcc/avr/4.7.2/avr5\libgcc.a(_clear_bss.o)
 .text.libgcc.prologue
                0x00000000        0x0 c:/program files (x86)/atmel/atmel toolchain/avr8 gcc/native/3.4.2.1002/avr8-gnu-toolchain/bin/../lib/gcc/avr/4.7.2/avr5\libgcc.a(_clear_bss.o)
 .text.libgcc.builtins
                0x00000000        0x0 c:/program files (x86)/atmel/atmel toolchain/avr8 gcc/native/3.4.2.1002/avr8-gnu-toolchain/bin/../lib/gcc/avr/4.7.2/avr5\libgcc.a(_clear_bss.o)
 .text.libgcc.fmul
                0x00000000        0x0 c:/program files (x86)/atmel/atmel toolchain/avr8 gcc/native/3.4.2.1002/avr8-gnu-toolchain/bin/../lib/gcc/avr/4.7.2/avr5\libgcc.a(_clear_bss.o)
 .text          0x00000000        0x0 c:/program files (x86)/atmel/atmel toolchain/avr8 gcc/native/3.4.2.1002/avr8-gnu-toolchain/bin/../lib/gcc/avr/4.7.2/avr5\libgcc.a(_umulhisi3.o)
 .bss           0x00000000        0x0 c:/program files (x86)/atmel/atmel toolchain/avr8 gcc/native/3.4.2.1002/avr8-gnu-toolchain/bin/../lib/gcc/avr/4.7.2/avr5\libgcc.a(_umulhisi3.o)
 .text.libgcc.div
                0x00000000        0x0 c:/program files (x86)/atmel/atmel toolchain/avr8 gcc/native/3.4.2.1002/avr8-gnu-toolchain/bin/../lib/gcc/avr/4.7.2/avr5\libgcc.a(_umulhisi3.o)
 .text.libgcc   0x00000000        0x0 c:/program files (x86)/atmel/atmel toolchain/avr8 gcc/native/3.4.2.1002/avr8-gnu-toolchain/bin/../lib/gcc/avr/4.7.2/avr5\libgcc.a(_umulhisi3.o)
 .text.libgcc.prologue
                0x00000000        0x0 c:/program files (x86)/atmel/atmel toolchain/avr8 gcc/native/3.4.2.1002/avr8-gnu-toolchain/bin/../lib/gcc/avr/4.7.2/avr5\libgcc.a(_umulhisi3.o)
 .text.libgcc.builtins
                0x00000000        0x0 c:/program files (x86)/atmel/atmel toolchain/avr8 gcc/native/3.4.2.1002/avr8-gnu-toolchain/bin/../lib/gcc/avr/4.7.2/avr5\libgcc.a(_umulhisi3.o)
 .text.libgcc.fmul
                0x00000000        0x0 c:/program files (x86)/atmel/atmel toolchain/avr8 gcc/native/3.4.2.1002/avr8-gnu-toolchain/bin/../lib/gcc/avr/4.7.2/avr5\libgcc.a(_umulhisi3.o)
 .text          0x00000000        0x0 c:/program files (x86)/atmel/atmel toolchain/avr8 gcc/native/3.4.2.1002/avr8-gnu-toolchain/bin/../lib/gcc/avr/4.7.2/avr5\libgcc.a(_muluhisi3.o)
 .bss           0x00000000        0x0 c:/program files (x86)/atmel/atmel toolchain/avr8 gcc/native/3.4.2.1002/avr8-gnu-toolchain/bin/../lib/gcc/avr/4.7.2/avr5\libgcc.a(_muluhisi3.o)
 .text.libgcc.div
                0x00000000        0x0 c:/program files (x86)/atmel/atmel toolchain/avr8 gcc/native/3.4.2.1002/avr8-gnu-toolchain/bin/../lib/gcc/avr/4.7.2/avr5\libgcc.a(_muluhisi3.o)
 .text.libgcc   0x00000000        0x0 c:/program files (x86)/atmel/atmel toolchain/avr8 gcc/native/3.4.2.1002/avr8-gnu-toolchain/bin/../lib/gcc/avr/4.7.2/avr5\libgcc.a(_muluhisi3.o)
 .text.libgcc.prologue
                0x00000000        0x0 c:/program files (x86)/atmel/atmel toolchain/avr8 gcc/native/3.4.2.1002/avr8-gnu-toolchain/bin/../lib/gcc/avr/4.7.2/avr5\libgcc.a(_muluhisi3.o)
 .text.libgcc.builtins
                0x00000000        0x0 c:/program files (x86)/atmel/atmel toolchain/avr8 gcc/native/3.4.2.1002/avr8-gnu-toolchain/bin/../lib/gcc/avr/4.7.2/avr5\libgcc.a(_muluhisi3.o)
 .text.libgcc.fmul
                0x00000000        0x0 c:/program files (x86)/atmel/atmel toolchain/avr8 gcc/native/3.4.2.1002/avr8-gnu-toolchain/bin/../lib/gcc/avr/4.7.2/avr5\libgcc.a(_muluhisi3.o)
 .text          0x00000000        0x0 c:/program files (x86)/atmel/atmel toolchain/avr8 gcc/native/3.4.2.1002/avr8-gnu-toolchain/bin/../lib/gcc/avr/4.7.2/../../../../avr/lib/avr5\libc.a(memcpy.o)
 .bss           0x00000000        0x0 c:/program files (x86)/atmel/atmel toolchain/avr8 gcc/native/3.4.2.1002/avr8-gnu-toolchain/bin/../lib/gcc/avr/4.7.2/../../../../avr/lib/avr5\libc.a(memcpy.o)
 .text.avr-libc
                0x00000000       0x12 c:/program files (x86)/atmel/atmel toolchain/avr8 gcc/native/3.4.2.1002/avr8-gnu-toolchain/bin/../lib/gcc/avr/4.7.2/../../../../avr/lib/avr5\libc.a(memcpy.o)

Memory Configuration

Name             Origin             Length             Attributes
text             0x00000000         0x00020000         xr
data             0x00800060         0x0000ffa0         rw !x
eeprom           0x00810000         0x00010000         rw !x
fuse             0x00820000         0x00000400         rw !x
lock             0x00830000         0x00000400         rw !x
signature        0x00840000         0x00000400         rw !x
user_signatures  0x00850000         0x00000400         rw !x
*default*        0x00000000         0xffffffff

Linker script and memory map

Address of section .data set to 0x800100
LOAD c:/program files (x86)/atmel/atmel toolchain/avr8 gcc/native/3.4.2.1002/avr8-gnu-toolchain/bin/../lib/gcc/avr/4.7.2/../../../../avr/lib/avr5/crtm328p.o
LOAD doorbell.o
LOAD log.o
LOAD millis.o
LOAD ISA_OUDEREN_ZENDER.o
LOAD RF12.o
LOAD RF69.o
LOAD RF69_compat.o
LOAD uart.o
START GROUP
LOAD c:/program files (x86)/atmel/atmel toolchain/avr8 gcc/native/3.4.2.1002/avr8-gnu-toolchain/bin/../lib/gcc/avr/4.7.2/../../../../avr/lib/avr5\libm.a
END GROUP
LOAD c:/program files (x86)/atmel/atmel toolchain/avr8 gcc/native/3.4.2.1002/avr8-gnu-toolchain/bin/../lib/gcc/avr/4.7.2/avr5\libgcc.a
LOAD c:/program files (x86)/atmel/atmel toolchain/avr8 gcc/native/3.4.2.1002/avr8-gnu-toolchain/bin/../lib/gcc/avr/4.7.2/../../../../avr/lib/avr5\libm.a
LOAD c:/program files (x86)/atmel/atmel toolchain/avr8 gcc/native/3.4.2.1002/avr8-gnu-toolchain/bin/../lib/gcc/avr/4.7.2/avr5\libgcc.a
LOAD c:/program files (x86)/atmel/atmel toolchain/avr8 gcc/native/3.4.2.1002/avr8-gnu-toolchain/bin/../lib/gcc/avr/4.7.2/../../../../avr/lib/avr5\libc.a
LOAD c:/program files (x86)/atmel/atmel toolchain/avr8 gcc/native/3.4.2.1002/avr8-gnu-toolchain/bin/../lib/gcc/avr/4.7.2/avr5\libgcc.a

.hash
 *(.hash)

.dynsym
 *(.dynsym)

.dynstr
 *(.dynstr)

.gnu.version
 *(.gnu.version)

.gnu.version_d
 *(.gnu.version_d)

.gnu.version_r
 *(.gnu.version_r)

.rel.init
 *(.rel.init)

.rela.init
 *(.rela.init)

.rel.text
 *(.rel.text)
 *(.rel.text.*)
 *(.rel.gnu.linkonce.t*)

.rela.text
 *(.rela.text)
 *(.rela.text.*)
 *(.rela.gnu.linkonce.t*)

.rel.fini
 *(.rel.fini)

.rela.fini
 *(.rela.fini)

.rel.rodata
 *(.rel.rodata)
 *(.rel.rodata.*)
 *(.rel.gnu.linkonce.r*)

.rela.rodata
 *(.rela.rodata)
 *(.rela.rodata.*)
 *(.rela.gnu.linkonce.r*)

.rel.data
 *(.rel.data)
 *(.rel.data.*)
 *(.rel.gnu.linkonce.d*)

.rela.data
 *(.rela.data)
 *(.rela.data.*)
 *(.rela.gnu.linkonce.d*)

.rel.ctors
 *(.rel.ctors)

.rela.ctors
 *(.rela.ctors)

.rel.dtors
 *(.rel.dtors)

.rela.dtors
 *(.rela.dtors)

.rel.got
 *(.rel.got)

.rela.got
 *(.rela.got)

.rel.bss
 *(.rel.bss)

.rela.bss
 *(.rela.bss)

.rel.plt
 *(.rel.plt)

.rela.plt
 *(.rela.plt)

.text           0x00000000      0xc12
 *(.vectors)
 .vectors       0x00000000       0x68 c:/program files (x86)/atmel/atmel toolchain/avr8 gcc/native/3.4.2.1002/avr8-gnu-toolchain/bin/../lib/gcc/avr/4.7.2/../../../../avr/lib/avr5/crtm328p.o
                0x00000000                __vector_default
                0x00000000                __vectors
 *(.vectors)
 *(.progmem.gcc*)
 *(.progmem*)
 .progmem.data._ZL17configRegs_compat
                0x00000068       0x23 RF69.o
                0x0000008c                . = ALIGN (0x2)
 *fill*         0x0000008b        0x1 
                0x0000008c                __trampolines_start = .
 *(.trampolines)
 .trampolines   0x0000008c        0x0 linker stubs
 *(.trampolines*)
                0x0000008c                __trampolines_end = .
 *(.jumptables)
 *(.jumptables*)
 *(.lowtext)
 *(.lowtext*)
                0x0000008c                __ctors_start = .
 *(.ctors)
                0x0000008c                __ctors_end = .
                0x0000008c                __dtors_start = .
 *(.dtors)
                0x0000008c                __dtors_end = .
 SORT(*)(.ctors)
 SORT(*)(.dtors)
 *(.init0)
 .init0         0x0000008c        0x0 c:/program files (x86)/atmel/atmel toolchain/avr8 gcc/native/3.4.2.1002/avr8-gnu-toolchain/bin/../lib/gcc/avr/4.7.2/../../../../avr/lib/avr5/crtm328p.o
                0x0000008c                __init
 *(.init0)
 *(.init1)
 *(.init1)
 *(.init2)
 .init2         0x0000008c        0xc c:/program files (x86)/atmel/atmel toolchain/avr8 gcc/native/3.4.2.1002/avr8-gnu-toolchain/bin/../lib/gcc/avr/4.7.2/../../../../avr/lib/avr5/crtm328p.o
 *(.init2)
 *(.init3)
 *(.init3)
 *(.init4)
 .init4         0x00000098       0x16 c:/program files (x86)/atmel/atmel toolchain/avr8 gcc/native/3.4.2.1002/avr8-gnu-toolchain/bin/../lib/gcc/avr/4.7.2/avr5\libgcc.a(_copy_data.o)
                0x00000098                __do_copy_data
 .init4         0x000000ae       0x10 c:/program files (x86)/atmel/atmel toolchain/avr8 gcc/native/3.4.2.1002/avr8-gnu-toolchain/bin/../lib/gcc/avr/4.7.2/avr5\libgcc.a(_clear_bss.o)
                0x000000ae                __do_clear_bss
 *(.init4)
 *(.init5)
 *(.init5)
 *(.init6)
 *(.init6)
 *(.init7)
 *(.init7)
 *(.init8)
 *(.init8)
 *(.init9)
 .init9         0x000000be        0x4 c:/program files (x86)/atmel/atmel toolchain/avr8 gcc/native/3.4.2.1002/avr8-gnu-toolchain/bin/../lib/gcc/avr/4.7.2/../../../../avr/lib/avr5/crtm328p.o
 *(.init9)
 *(.text)
 .text          0x000000c2        0x2 c:/program files (x86)/atmel/atmel toolchain/avr8 gcc/native/3.4.2.1002/avr8-gnu-toolchain/bin/../lib/gcc/avr/4.7.2/../../../../avr/lib/avr5/crtm328p.o
                0x000000c2                __vector_22
                0x000000c2                __vector_24
                0x000000c2                __vector_12
                0x000000c2                __bad_interrupt
                0x000000c2                __vector_6
                0x000000c2                __vector_3
                0x000000c2                __vector_23
                0x000000c2                __vector_25
                0x000000c2                __vector_11
                0x000000c2                __vector_13
                0x000000c2                __vector_17
                0x000000c2                __vector_5
                0x000000c2                __vector_4
                0x000000c2                __vector_9
                0x000000c2                __vector_21
                0x000000c2                __vector_15
                0x000000c2                __vector_8
                0x000000c2                __vector_14
                0x000000c2                __vector_10
                0x000000c2                __vector_16
                0x000000c2                __vector_20
                0x000000c4                . = ALIGN (0x2)
 *(.text.*)
 .text.doorbell_disable_interrupt
                0x000000c4        0x4 doorbell.o
                0x000000c4                doorbell_disable_interrupt
 .text.doorbell_enable_interrupt
                0x000000c8        0x4 doorbell.o
                0x000000c8                doorbell_enable_interrupt
 .text.doorbell_init
                0x000000cc        0xe doorbell.o
                0x000000cc                doorbell_init
 .text.doorbell_interrupt
                0x000000da       0x12 doorbell.o
                0x000000da                doorbell_interrupt
 .text.__vector_2
                0x000000ec       0x46 doorbell.o
                0x000000ec                __vector_2
 .text.log_s    0x00000132        0x4 log.o
                0x00000132                log_s
 .text.millis_init
                0x00000136       0x18 millis.o
                0x00000136                millis_init
 .text.millis_get
                0x0000014e       0x28 millis.o
                0x0000014e                millis_get
 .text.millis_resume
                0x00000176       0x16 millis.o
                0x00000176                millis_resume
 .text.millis_pause
                0x0000018c       0x16 millis.o
                0x0000018c                millis_pause
 .text.__vector_7
                0x000001a2       0x4a millis.o
                0x000001a2                __vector_7
 .text._Z11sendpackagev
                0x000001ec       0xfc ISA_OUDEREN_ZENDER.o
                0x000001ec                _Z11sendpackagev
 .text.main     0x000002e8      0x130 ISA_OUDEREN_ZENDER.o
                0x000002e8                main
 .text._Z12rf12_spiInitv
                0x00000418       0x14 RF12.o
                0x00000418                _Z12rf12_spiInitv
 .text._ZL15spiTransferByteh
                0x0000042c        0xc RF69.o
 .text._ZN4RF697controlEhh
                0x00000438       0x16 RF69.o
                0x00000438                _ZN4RF697controlEhh
 .text._ZL7readRegh
                0x0000044e        0x4 RF69.o
 .text._ZL9flushFifov
                0x00000452       0x10 RF69.o
 .text._ZL8writeReghh
                0x00000462        0x4 RF69.o
 .text._ZL7setModeh
                0x00000466       0x16 RF69.o
 .text._ZN4RF6912setFrequencyEm
                0x0000047c       0x60 RF69.o
                0x0000047c                _ZN4RF6912setFrequencyEm
 .text._ZN4RF697canSendEv
                0x000004dc       0x24 RF69.o
                0x000004dc                _ZN4RF697canSendEv
 .text._ZN4RF697sendingEv
                0x00000500        0xe RF69.o
                0x00000500                _ZN4RF697sendingEv
 .text._ZN4RF695sleepEb
                0x0000050e       0x14 RF69.o
                0x0000050e                _ZN4RF695sleepEb
 .text._ZN4RF6916configure_compatEv
                0x00000522       0x90 RF69.o
                0x00000522                _ZN4RF6916configure_compatEv
 .text._ZN4RF6915recvDone_compatEPh
                0x000005b2       0xe2 RF69.o
                0x000005b2                _ZN4RF6915recvDone_compatEPh
 .text._ZN4RF6916sendStart_compatEhPKvh
                0x00000694      0x154 RF69.o
                0x00000694                _ZN4RF6916sendStart_compatEhPKvh
 .text._ZN4RF6916interrupt_compatEv
                0x000007e8       0xdc RF69.o
                0x000007e8                _ZN4RF6916interrupt_compatEv
 .text.__vector_1
                0x000008c4       0x46 RF69.o
                0x000008c4                __vector_1
 .text._Z15rf69_initializehhhj
                0x0000090a       0xa4 RF69_compat.o
                0x0000090a                _Z15rf69_initializehhhj
 .text._Z13rf69_recvDonev
                0x000009ae       0x22 RF69_compat.o
                0x000009ae                _Z13rf69_recvDonev
 .text._Z12rf69_canSendv
                0x000009d0        0x4 RF69_compat.o
                0x000009d0                _Z12rf69_canSendv
 .text._Z14rf69_sendStarthPKvh
                0x000009d4        0x4 RF69_compat.o
                0x000009d4                _Z14rf69_sendStarthPKvh
 .text._Z12rf69_sendNowhPKvh
                0x000009d8       0x2a RF69_compat.o
                0x000009d8                _Z12rf69_sendNowhPKvh
 .text._Z13rf69_sendWaith
                0x00000a02       0x4e RF69_compat.o
                0x00000a02                _Z13rf69_sendWaith
 .text._Z10rf69_sleepc
                0x00000a50        0xa RF69_compat.o
                0x00000a50                _Z10rf69_sleepc
 .text.__vector_18
                0x00000a5a       0x6a uart.o
                0x00000a5a                __vector_18
 .text.__vector_19
                0x00000ac4       0x58 uart.o
                0x00000ac4                __vector_19
 .text.uart0_init
                0x00000b1c       0x32 uart.o
                0x00000b1c                uart0_init
 .text.uart0_putc
                0x00000b4e       0x34 uart.o
                0x00000b4e                uart0_putc
 .text.uart0_puts
                0x00000b82       0x1c uart.o
                0x00000b82                uart0_puts
 .text.libgcc.div
                0x00000b9e       0x44 c:/program files (x86)/atmel/atmel toolchain/avr8 gcc/native/3.4.2.1002/avr8-gnu-toolchain/bin/../lib/gcc/avr/4.7.2/avr5\libgcc.a(_udivmodsi4.o)
                0x00000b9e                __udivmodsi4
 .text.libgcc.mul
                0x00000be2       0x18 c:/program files (x86)/atmel/atmel toolchain/avr8 gcc/native/3.4.2.1002/avr8-gnu-toolchain/bin/../lib/gcc/avr/4.7.2/avr5\libgcc.a(_umulhisi3.o)
                0x00000be2                __umulhisi3
 .text.libgcc.mul
                0x00000bfa       0x14 c:/program files (x86)/atmel/atmel toolchain/avr8 gcc/native/3.4.2.1002/avr8-gnu-toolchain/bin/../lib/gcc/avr/4.7.2/avr5\libgcc.a(_muluhisi3.o)
                0x00000bfa                __muluhisi3
                0x00000c0e                . = ALIGN (0x2)
 *(.fini9)
 .fini9         0x00000c0e        0x0 c:/program files (x86)/atmel/atmel toolchain/avr8 gcc/native/3.4.2.1002/avr8-gnu-toolchain/bin/../lib/gcc/avr/4.7.2/avr5\libgcc.a(_exit.o)
                0x00000c0e                _exit
                0x00000c0e                exit
 *(.fini9)
 *(.fini8)
 *(.fini8)
 *(.fini7)
 *(.fini7)
 *(.fini6)
 *(.fini6)
 *(.fini5)
 *(.fini5)
 *(.fini4)
 *(.fini4)
 *(.fini3)
 *(.fini3)
 *(.fini2)
 *(.fini2)
 *(.fini1)
 *(.fini1)
 *(.fini0)
 .fini0         0x00000c0e        0x4 c:/program files (x86)/atmel/atmel toolchain/avr8 gcc/native/3.4.2.1002/avr8-gnu-toolchain/bin/../lib/gcc/avr/4.7.2/avr5\libgcc.a(_exit.o)
 *(.fini0)
                0x00000c12                _etext = .

.data           0x00800100       0x9a load address 0x00000c12
                0x00800100                PROVIDE (__data_start, .)
 *(.data)
 .data          0x00800100        0x0 c:/program files (x86)/atmel/atmel toolchain/avr8 gcc/native/3.4.2.1002/avr8-gnu-toolchain/bin/../lib/gcc/avr/4.7.2/../../../../avr/lib/avr5/crtm328p.o
 .data          0x00800100        0x0 doorbell.o
 .data          0x00800100        0x0 log.o
 .data          0x00800100        0x0 millis.o
 .data          0x00800100        0x0 ISA_OUDEREN_ZENDER.o
 .data          0x00800100        0x0 RF12.o
 .data          0x00800100        0x0 RF69.o
 .data          0x00800100        0x0 RF69_compat.o
 .data          0x00800100        0x0 uart.o
 .data          0x00800100        0x0 c:/program files (x86)/atmel/atmel toolchain/avr8 gcc/native/3.4.2.1002/avr8-gnu-toolchain/bin/../lib/gcc/avr/4.7.2/avr5\libgcc.a(_udivmodsi4.o)
 .data          0x00800100        0x0 c:/program files (x86)/atmel/atmel toolchain/avr8 gcc/native/3.4.2.1002/avr8-gnu-toolchain/bin/../lib/gcc/avr/4.7.2/avr5\libgcc.a(_exit.o)
 .data          0x00800100        0x0 c:/program files (x86)/atmel/atmel toolchain/avr8 gcc/native/3.4.2.1002/avr8-gnu-toolchain/bin/../lib/gcc/avr/4.7.2/avr5\libgcc.a(_copy_data.o)
 .data          0x00800100        0x0 c:/program files (x86)/atmel/atmel toolchain/avr8 gcc/native/3.4.2.1002/avr8-gnu-toolchain/bin/../lib/gcc/avr/4.7.2/avr5\libgcc.a(_clear_bss.o)
 .data          0x00800100        0x0 c:/program files (x86)/atmel/atmel toolchain/avr8 gcc/native/3.4.2.1002/avr8-gnu-toolchain/bin/../lib/gcc/avr/4.7.2/avr5\libgcc.a(_umulhisi3.o)
 .data          0x00800100        0x0 c:/program files (x86)/atmel/atmel toolchain/avr8 gcc/native/3.4.2.1002/avr8-gnu-toolchain/bin/../lib/gcc/avr/4.7.2/avr5\libgcc.a(_muluhisi3.o)
 .data          0x00800100        0x0 c:/program files (x86)/atmel/atmel toolchain/avr8 gcc/native/3.4.2.1002/avr8-gnu-toolchain/bin/../lib/gcc/avr/4.7.2/../../../../avr/lib/avr5\libc.a(memcpy.o)
 *(.data*)
 .data.doorbell_last_state
                0x00800100        0x1 doorbell.o
                0x00800100                doorbell_last_state
 .data.payload  0x00800101        0x2 ISA_OUDEREN_ZENDER.o
                0x00800101                payload
 *(.rodata)
 *(.rodata*)
 .rodata.str1.1
                0x00800103       0x97 ISA_OUDEREN_ZENDER.o
                                 0x9c (size before relaxing)
 *(.gnu.linkonce.d*)
                0x0080019a                . = ALIGN (0x2)
                0x0080019a                _edata = .
                0x0080019a                PROVIDE (__data_end, .)

.bss            0x0080019a      0x162
                0x0080019a                PROVIDE (__bss_start, .)
 *(.bss)
 *(.bss*)
 .bss.triggered
                0x0080019a        0x1 doorbell.o
                0x0080019a                triggered
 .bss.milliseconds
                0x0080019b        0x4 millis.o
 .bss.recvBuf   0x0080019f        0x2 RF69.o
                0x0080019f                recvBuf
 .bss._ZL7rxstate
                0x008001a1        0x1 RF69.o
 .bss._ZL6rxfill
                0x008001a2        0x1 RF69.o
 .bss._ZN4RF694rssiE
                0x008001a3        0x1 RF69.o
                0x008001a3                _ZN4RF694rssiE
 .bss._ZN4RF693crcE
                0x008001a4        0x2 RF69.o
                0x008001a4                _ZN4RF693crcE
 .bss._ZN4RF694nodeE
                0x008001a6        0x1 RF69.o
                0x008001a6                _ZN4RF694nodeE
 .bss._ZN4RF695groupE
                0x008001a7        0x1 RF69.o
                0x008001a7                _ZN4RF695groupE
 .bss._ZN4RF693frfE
                0x008001a8        0x4 RF69.o
                0x008001a8                _ZN4RF693frfE
 .bss.rf69_buf  0x008001ac       0x48 RF69_compat.o
                0x008001ac                rf69_buf
 .bss.rf69_crc  0x008001f4        0x2 RF69_compat.o
                0x008001f4                rf69_crc
 .bss._ZL6nodeid
                0x008001f6        0x1 RF69_compat.o
 .bss.UART_LastRxError
                0x008001f7        0x1 uart.o
 .bss.UART_RxTail
                0x008001f8        0x1 uart.o
 .bss.UART_RxHead
                0x008001f9        0x1 uart.o
 .bss.UART_TxTail
                0x008001fa        0x1 uart.o
 .bss.UART_TxHead
                0x008001fb        0x1 uart.o
 .bss.UART_RxBuf
                0x008001fc       0x80 uart.o
 .bss.UART_TxBuf
                0x0080027c       0x80 uart.o
 *(COMMON)
                0x008002fc                PROVIDE (__bss_end, .)
                0x00000c12                __data_load_start = LOADADDR (.data)
                0x00000cac                __data_load_end = (__data_load_start + SIZEOF (.data))

.noinit         0x008002fc        0x0
                0x008002fc                PROVIDE (__noinit_start, .)
 *(.noinit*)
                0x008002fc                PROVIDE (__noinit_end, .)
                0x008002fc                _end = .
                0x008002fc                PROVIDE (__heap_start, .)

.eeprom         0x00810000        0x0
 *(.eeprom*)
                0x00810000                __eeprom_end = .

.fuse
 *(.fuse)
 *(.lfuse)
 *(.hfuse)
 *(.efuse)

.lock
 *(.lock*)

.signature
 *(.signature*)

.user_signatures
 *(.user_signatures*)

.stab           0x00000000      0x750
 *(.stab)
 .stab          0x00000000      0x6cc c:/program files (x86)/atmel/atmel toolchain/avr8 gcc/native/3.4.2.1002/avr8-gnu-toolchain/bin/../lib/gcc/avr/4.7.2/../../../../avr/lib/avr5/crtm328p.o
 .stab          0x000006cc       0x84 c:/program files (x86)/atmel/atmel toolchain/avr8 gcc/native/3.4.2.1002/avr8-gnu-toolchain/bin/../lib/gcc/avr/4.7.2/../../../../avr/lib/avr5\libc.a(memcpy.o)
                                 0x90 (size before relaxing)

.stabstr        0x00000000      0x10b
 *(.stabstr)
 .stabstr       0x00000000      0x10b c:/program files (x86)/atmel/atmel toolchain/avr8 gcc/native/3.4.2.1002/avr8-gnu-toolchain/bin/../lib/gcc/avr/4.7.2/../../../../avr/lib/avr5/crtm328p.o

.stab.excl
 *(.stab.excl)

.stab.exclstr
 *(.stab.exclstr)

.stab.index
 *(.stab.index)

.stab.indexstr
 *(.stab.indexstr)

.comment        0x00000000       0x2f
 *(.comment)
 .comment       0x00000000       0x2f doorbell.o
                                 0x30 (size before relaxing)
 .comment       0x00000000       0x30 log.o
 .comment       0x00000000       0x30 millis.o
 .comment       0x00000000       0x30 ISA_OUDEREN_ZENDER.o
 .comment       0x00000000       0x30 RF12.o
 .comment       0x00000000       0x30 RF69.o
 .comment       0x00000000       0x30 RF69_compat.o
 .comment       0x00000000       0x30 uart.o

.debug
 *(.debug)

.line
 *(.line)

.debug_srcinfo
 *(.debug_srcinfo)

.debug_sfnames
 *(.debug_sfnames)

.debug_aranges  0x00000000      0x318
 *(.debug_aranges)
 .debug_aranges
                0x00000000       0x40 doorbell.o
 .debug_aranges
                0x00000040       0x30 log.o
 .debug_aranges
                0x00000070       0x58 millis.o
 .debug_aranges
                0x000000c8       0x28 ISA_OUDEREN_ZENDER.o
 .debug_aranges
                0x000000f0       0xd8 RF12.o
 .debug_aranges
                0x000001c8       0x90 RF69.o
 .debug_aranges
                0x00000258       0x58 RF69_compat.o
 .debug_aranges
                0x000002b0       0x68 uart.o

.debug_pubnames
 *(.debug_pubnames)

.debug_info     0x00000000     0x2e79
 *(.debug_info)
 .debug_info    0x00000000      0x130 doorbell.o
 .debug_info    0x00000130      0x1b2 log.o
 .debug_info    0x000002e2      0x309 millis.o
 .debug_info    0x000005eb      0x88f ISA_OUDEREN_ZENDER.o
 .debug_info    0x00000e7a      0xc86 RF12.o
 .debug_info    0x00001b00      0xaf4 RF69.o
 .debug_info    0x000025f4      0x512 RF69_compat.o
 .debug_info    0x00002b06      0x373 uart.o
 *(.gnu.linkonce.wi.*)

.debug_abbrev   0x00000000      0xf46
 *(.debug_abbrev)
 .debug_abbrev  0x00000000       0xa1 doorbell.o
 .debug_abbrev  0x000000a1       0xb2 log.o
 .debug_abbrev  0x00000153      0x16b millis.o
 .debug_abbrev  0x000002be      0x257 ISA_OUDEREN_ZENDER.o
 .debug_abbrev  0x00000515      0x337 RF12.o
 .debug_abbrev  0x0000084c      0x366 RF69.o
 .debug_abbrev  0x00000bb2      0x251 RF69_compat.o
 .debug_abbrev  0x00000e03      0x143 uart.o

.debug_line     0x00000000     0x1ceb
 *(.debug_line)
 .debug_line    0x00000000      0x157 doorbell.o
 .debug_line    0x00000157      0x102 log.o
 .debug_line    0x00000259      0x2e5 millis.o
 .debug_line    0x0000053e      0x39e ISA_OUDEREN_ZENDER.o
 .debug_line    0x000008dc      0x799 RF12.o
 .debug_line    0x00001075      0x6b4 RF69.o
 .debug_line    0x00001729      0x2fd RF69_compat.o
 .debug_line    0x00001a26      0x2c5 uart.o

.debug_frame    0x00000000      0x804
 *(.debug_frame)
 .debug_frame   0x00000000       0xac doorbell.o
 .debug_frame   0x000000ac       0x44 log.o
 .debug_frame   0x000000f0       0xf4 millis.o
 .debug_frame   0x000001e4       0x58 ISA_OUDEREN_ZENDER.o
 .debug_frame   0x0000023c      0x238 RF12.o
 .debug_frame   0x00000474      0x190 RF69.o
 .debug_frame   0x00000604       0xe0 RF69_compat.o
 .debug_frame   0x000006e4      0x120 uart.o

.debug_str      0x00000000      0xc77
 *(.debug_str)
 .debug_str     0x00000000      0x138 doorbell.o
                                0x179 (size before relaxing)
 .debug_str     0x00000138       0x56 log.o
                                0x149 (size before relaxing)
 .debug_str     0x0000018e       0xb2 millis.o
                                0x197 (size before relaxing)
 .debug_str     0x00000240      0x1d0 ISA_OUDEREN_ZENDER.o
                                0x346 (size before relaxing)
 .debug_str     0x00000410      0x4a5 RF12.o
                                0x5e3 (size before relaxing)
 .debug_str     0x000008b5      0x258 RF69.o
                                0x41a (size before relaxing)
 .debug_str     0x00000b0d       0x81 RF69_compat.o
                                0x40a (size before relaxing)
 .debug_str     0x00000b8e       0xe9 uart.o
                                0x21d (size before relaxing)

.debug_loc      0x00000000     0x1b5f
 *(.debug_loc)
 .debug_loc     0x00000000       0xcb doorbell.o
 .debug_loc     0x000000cb       0x72 log.o
 .debug_loc     0x0000013d      0x1fb millis.o
 .debug_loc     0x00000338      0x2dd ISA_OUDEREN_ZENDER.o
 .debug_loc     0x00000615      0x87f RF12.o
 .debug_loc     0x00000e94      0x628 RF69.o
 .debug_loc     0x000014bc      0x341 RF69_compat.o
 .debug_loc     0x000017fd      0x362 uart.o

.debug_macinfo
 *(.debug_macinfo)

.debug_pubtypes
 *(.debug_pubtypes)

.debug_ranges   0x00000000      0x370
 *(.debug_ranges)
 .debug_ranges  0x00000000       0x30 doorbell.o
 .debug_ranges  0x00000030       0x20 log.o
 .debug_ranges  0x00000050       0x48 millis.o
 .debug_ranges  0x00000098       0x90 ISA_OUDEREN_ZENDER.o
 .debug_ranges  0x00000128       0xc8 RF12.o
 .debug_ranges  0x000001f0       0xc8 RF69.o
 .debug_ranges  0x000002b8       0x48 RF69_compat.o
 .debug_ranges  0x00000300       0x70 uart.o

.debug_macro
 *(.debug_macro)
OUTPUT(ISA_OUDEREN_ZENDER.elf elf32-avr)
LOAD linker stubs
