Archive member included because of file (symbol)

c:/program files (x86)/atmel/atmel toolchain/avr8 gcc/native/3.4.2.1002/avr8-gnu-toolchain/bin/../lib/gcc/avr/4.7.2/avr5\libgcc.a(_exit.o)
                              c:/program files (x86)/atmel/atmel toolchain/avr8 gcc/native/3.4.2.1002/avr8-gnu-toolchain/bin/../lib/gcc/avr/4.7.2/../../../../avr/lib/avr5/crtm328p.o (exit)
c:/program files (x86)/atmel/atmel toolchain/avr8 gcc/native/3.4.2.1002/avr8-gnu-toolchain/bin/../lib/gcc/avr/4.7.2/avr5\libgcc.a(_copy_data.o)
                              doorbell.o (__do_copy_data)
c:/program files (x86)/atmel/atmel toolchain/avr8 gcc/native/3.4.2.1002/avr8-gnu-toolchain/bin/../lib/gcc/avr/4.7.2/avr5\libgcc.a(_clear_bss.o)
                              doorbell.o (__do_clear_bss)
c:/program files (x86)/atmel/atmel toolchain/avr8 gcc/native/3.4.2.1002/avr8-gnu-toolchain/bin/../lib/gcc/avr/4.7.2/avr5\libgcc.a(_ctors.o)
                              ISA_OUDEREN_ZENDER.o (__do_global_ctors)
c:/program files (x86)/atmel/atmel toolchain/avr8 gcc/native/3.4.2.1002/avr8-gnu-toolchain/bin/../lib/gcc/avr/4.7.2/avr5\libgcc.a(_tablejump.o)
                              c:/program files (x86)/atmel/atmel toolchain/avr8 gcc/native/3.4.2.1002/avr8-gnu-toolchain/bin/../lib/gcc/avr/4.7.2/avr5\libgcc.a(_ctors.o) (__tablejump__)

Discarded input sections

 .bss           0x00000000        0x0 c:/program files (x86)/atmel/atmel toolchain/avr8 gcc/native/3.4.2.1002/avr8-gnu-toolchain/bin/../lib/gcc/avr/4.7.2/../../../../avr/lib/avr5/crtm328p.o
 .text          0x00000000        0x0 doorbell.o
 .bss           0x00000000        0x0 doorbell.o
 .text          0x00000000        0x0 log.o
 .bss           0x00000000        0x0 log.o
 .text.log_uint16_t
                0x00000000        0x6 log.o
 .text.log_int16_t
                0x00000000        0x6 log.o
 .text          0x00000000        0x0 millis.o
 .bss           0x00000000        0x0 millis.o
 .text.millis_reset
                0x00000000       0x18 millis.o
 .text.millis_add
                0x00000000       0x44 millis.o
 .text.millis_subtract
                0x00000000       0x4c millis.o
 .text          0x00000000        0x0 ISA_OUDEREN_ZENDER.o
 .bss           0x00000000        0x0 ISA_OUDEREN_ZENDER.o
 .text._Z11sendpackagev
                0x00000000        0x2 ISA_OUDEREN_ZENDER.o
 .data.pre_payload
                0x00000000       0x32 ISA_OUDEREN_ZENDER.o
 .bss.deep_sleep_ok
                0x00000000        0x1 ISA_OUDEREN_ZENDER.o
 .group         0x00000000        0x8 RFM69.o
 .text          0x00000000        0x0 RFM69.o
 .bss           0x00000000        0x0 RFM69.o
 .text._ZN5RFM6911promiscuousEb
                0x00000000        0x6 RFM69.o
 .text._ZN5RFM6911readAllRegsEv
                0x00000000       0x36 RFM69.o
 .text._ZN5RFM6910setAddressEh
                0x00000000        0xe RFM69.o
 .text._ZN5RFM6912setFrequencyEm
                0x00000000       0x46 RFM69.o
 .text._ZN5RFM6913rcCalibrationEv
                0x00000000       0x20 RFM69.o
 .text._ZN5RFM6912setHighPowerEb
                0x00000000       0x4a RFM69.o
 .text._ZN5RFM6913setPowerLevelEh
                0x00000000       0x2a RFM69.o
 .text._ZN5RFM695sleepEv
                0x00000000        0x8 RFM69.o
 .text._ZN5RFM6915readTemperatureEh
                0x00000000       0x3c RFM69.o
 .text._ZN5RFM697sendACKEPKvh
                0x00000000       0x50 RFM69.o
 .text._ZN5RFM6912noInterruptsEv
                0x00000000        0x2 RFM69.o
 .text._ZN5RFM6915allowInterruptsEv
                0x00000000        0x2 RFM69.o
 .text          0x00000000        0x0 uart.o
 .bss           0x00000000        0x0 uart.o
 .text.uart0_getc
                0x00000000       0x3c uart.o
 .text.uart0_peek
                0x00000000       0x36 uart.o
 .text.uart0_puts_p
                0x00000000       0x24 uart.o
 .text.uart0_available
                0x00000000       0x1c uart.o
 .text.uart0_flush
                0x00000000        0xa uart.o
 .text          0x00000000        0x0 c:/program files (x86)/atmel/atmel toolchain/avr8 gcc/native/3.4.2.1002/avr8-gnu-toolchain/bin/../lib/gcc/avr/4.7.2/avr5\libgcc.a(_exit.o)
 .bss           0x00000000        0x0 c:/program files (x86)/atmel/atmel toolchain/avr8 gcc/native/3.4.2.1002/avr8-gnu-toolchain/bin/../lib/gcc/avr/4.7.2/avr5\libgcc.a(_exit.o)
 .text.libgcc.mul
                0x00000000        0x0 c:/program files (x86)/atmel/atmel toolchain/avr8 gcc/native/3.4.2.1002/avr8-gnu-toolchain/bin/../lib/gcc/avr/4.7.2/avr5\libgcc.a(_exit.o)
 .text.libgcc.div
                0x00000000        0x0 c:/program files (x86)/atmel/atmel toolchain/avr8 gcc/native/3.4.2.1002/avr8-gnu-toolchain/bin/../lib/gcc/avr/4.7.2/avr5\libgcc.a(_exit.o)
 .text.libgcc   0x00000000        0x0 c:/program files (x86)/atmel/atmel toolchain/avr8 gcc/native/3.4.2.1002/avr8-gnu-toolchain/bin/../lib/gcc/avr/4.7.2/avr5\libgcc.a(_exit.o)
 .text.libgcc.prologue
                0x00000000        0x0 c:/program files (x86)/atmel/atmel toolchain/avr8 gcc/native/3.4.2.1002/avr8-gnu-toolchain/bin/../lib/gcc/avr/4.7.2/avr5\libgcc.a(_exit.o)
 .text.libgcc.builtins
                0x00000000        0x0 c:/program files (x86)/atmel/atmel toolchain/avr8 gcc/native/3.4.2.1002/avr8-gnu-toolchain/bin/../lib/gcc/avr/4.7.2/avr5\libgcc.a(_exit.o)
 .text.libgcc.fmul
                0x00000000        0x0 c:/program files (x86)/atmel/atmel toolchain/avr8 gcc/native/3.4.2.1002/avr8-gnu-toolchain/bin/../lib/gcc/avr/4.7.2/avr5\libgcc.a(_exit.o)
 .text          0x00000000        0x0 c:/program files (x86)/atmel/atmel toolchain/avr8 gcc/native/3.4.2.1002/avr8-gnu-toolchain/bin/../lib/gcc/avr/4.7.2/avr5\libgcc.a(_copy_data.o)
 .bss           0x00000000        0x0 c:/program files (x86)/atmel/atmel toolchain/avr8 gcc/native/3.4.2.1002/avr8-gnu-toolchain/bin/../lib/gcc/avr/4.7.2/avr5\libgcc.a(_copy_data.o)
 .text.libgcc.mul
                0x00000000        0x0 c:/program files (x86)/atmel/atmel toolchain/avr8 gcc/native/3.4.2.1002/avr8-gnu-toolchain/bin/../lib/gcc/avr/4.7.2/avr5\libgcc.a(_copy_data.o)
 .text.libgcc.div
                0x00000000        0x0 c:/program files (x86)/atmel/atmel toolchain/avr8 gcc/native/3.4.2.1002/avr8-gnu-toolchain/bin/../lib/gcc/avr/4.7.2/avr5\libgcc.a(_copy_data.o)
 .text.libgcc   0x00000000        0x0 c:/program files (x86)/atmel/atmel toolchain/avr8 gcc/native/3.4.2.1002/avr8-gnu-toolchain/bin/../lib/gcc/avr/4.7.2/avr5\libgcc.a(_copy_data.o)
 .text.libgcc.prologue
                0x00000000        0x0 c:/program files (x86)/atmel/atmel toolchain/avr8 gcc/native/3.4.2.1002/avr8-gnu-toolchain/bin/../lib/gcc/avr/4.7.2/avr5\libgcc.a(_copy_data.o)
 .text.libgcc.builtins
                0x00000000        0x0 c:/program files (x86)/atmel/atmel toolchain/avr8 gcc/native/3.4.2.1002/avr8-gnu-toolchain/bin/../lib/gcc/avr/4.7.2/avr5\libgcc.a(_copy_data.o)
 .text.libgcc.fmul
                0x00000000        0x0 c:/program files (x86)/atmel/atmel toolchain/avr8 gcc/native/3.4.2.1002/avr8-gnu-toolchain/bin/../lib/gcc/avr/4.7.2/avr5\libgcc.a(_copy_data.o)
 .text          0x00000000        0x0 c:/program files (x86)/atmel/atmel toolchain/avr8 gcc/native/3.4.2.1002/avr8-gnu-toolchain/bin/../lib/gcc/avr/4.7.2/avr5\libgcc.a(_clear_bss.o)
 .bss           0x00000000        0x0 c:/program files (x86)/atmel/atmel toolchain/avr8 gcc/native/3.4.2.1002/avr8-gnu-toolchain/bin/../lib/gcc/avr/4.7.2/avr5\libgcc.a(_clear_bss.o)
 .text.libgcc.mul
                0x00000000        0x0 c:/program files (x86)/atmel/atmel toolchain/avr8 gcc/native/3.4.2.1002/avr8-gnu-toolchain/bin/../lib/gcc/avr/4.7.2/avr5\libgcc.a(_clear_bss.o)
 .text.libgcc.div
                0x00000000        0x0 c:/program files (x86)/atmel/atmel toolchain/avr8 gcc/native/3.4.2.1002/avr8-gnu-toolchain/bin/../lib/gcc/avr/4.7.2/avr5\libgcc.a(_clear_bss.o)
 .text.libgcc   0x00000000        0x0 c:/program files (x86)/atmel/atmel toolchain/avr8 gcc/native/3.4.2.1002/avr8-gnu-toolchain/bin/../lib/gcc/avr/4.7.2/avr5\libgcc.a(_clear_bss.o)
 .text.libgcc.prologue
                0x00000000        0x0 c:/program files (x86)/atmel/atmel toolchain/avr8 gcc/native/3.4.2.1002/avr8-gnu-toolchain/bin/../lib/gcc/avr/4.7.2/avr5\libgcc.a(_clear_bss.o)
 .text.libgcc.builtins
                0x00000000        0x0 c:/program files (x86)/atmel/atmel toolchain/avr8 gcc/native/3.4.2.1002/avr8-gnu-toolchain/bin/../lib/gcc/avr/4.7.2/avr5\libgcc.a(_clear_bss.o)
 .text.libgcc.fmul
                0x00000000        0x0 c:/program files (x86)/atmel/atmel toolchain/avr8 gcc/native/3.4.2.1002/avr8-gnu-toolchain/bin/../lib/gcc/avr/4.7.2/avr5\libgcc.a(_clear_bss.o)
 .text          0x00000000        0x0 c:/program files (x86)/atmel/atmel toolchain/avr8 gcc/native/3.4.2.1002/avr8-gnu-toolchain/bin/../lib/gcc/avr/4.7.2/avr5\libgcc.a(_ctors.o)
 .bss           0x00000000        0x0 c:/program files (x86)/atmel/atmel toolchain/avr8 gcc/native/3.4.2.1002/avr8-gnu-toolchain/bin/../lib/gcc/avr/4.7.2/avr5\libgcc.a(_ctors.o)
 .text.libgcc.mul
                0x00000000        0x0 c:/program files (x86)/atmel/atmel toolchain/avr8 gcc/native/3.4.2.1002/avr8-gnu-toolchain/bin/../lib/gcc/avr/4.7.2/avr5\libgcc.a(_ctors.o)
 .text.libgcc.div
                0x00000000        0x0 c:/program files (x86)/atmel/atmel toolchain/avr8 gcc/native/3.4.2.1002/avr8-gnu-toolchain/bin/../lib/gcc/avr/4.7.2/avr5\libgcc.a(_ctors.o)
 .text.libgcc   0x00000000        0x0 c:/program files (x86)/atmel/atmel toolchain/avr8 gcc/native/3.4.2.1002/avr8-gnu-toolchain/bin/../lib/gcc/avr/4.7.2/avr5\libgcc.a(_ctors.o)
 .text.libgcc.prologue
                0x00000000        0x0 c:/program files (x86)/atmel/atmel toolchain/avr8 gcc/native/3.4.2.1002/avr8-gnu-toolchain/bin/../lib/gcc/avr/4.7.2/avr5\libgcc.a(_ctors.o)
 .text.libgcc.builtins
                0x00000000        0x0 c:/program files (x86)/atmel/atmel toolchain/avr8 gcc/native/3.4.2.1002/avr8-gnu-toolchain/bin/../lib/gcc/avr/4.7.2/avr5\libgcc.a(_ctors.o)
 .text.libgcc.fmul
                0x00000000        0x0 c:/program files (x86)/atmel/atmel toolchain/avr8 gcc/native/3.4.2.1002/avr8-gnu-toolchain/bin/../lib/gcc/avr/4.7.2/avr5\libgcc.a(_ctors.o)
 .text          0x00000000        0x0 c:/program files (x86)/atmel/atmel toolchain/avr8 gcc/native/3.4.2.1002/avr8-gnu-toolchain/bin/../lib/gcc/avr/4.7.2/avr5\libgcc.a(_tablejump.o)
 .bss           0x00000000        0x0 c:/program files (x86)/atmel/atmel toolchain/avr8 gcc/native/3.4.2.1002/avr8-gnu-toolchain/bin/../lib/gcc/avr/4.7.2/avr5\libgcc.a(_tablejump.o)
 .text.libgcc.mul
                0x00000000        0x0 c:/program files (x86)/atmel/atmel toolchain/avr8 gcc/native/3.4.2.1002/avr8-gnu-toolchain/bin/../lib/gcc/avr/4.7.2/avr5\libgcc.a(_tablejump.o)
 .text.libgcc.div
                0x00000000        0x0 c:/program files (x86)/atmel/atmel toolchain/avr8 gcc/native/3.4.2.1002/avr8-gnu-toolchain/bin/../lib/gcc/avr/4.7.2/avr5\libgcc.a(_tablejump.o)
 .text.libgcc.prologue
                0x00000000        0x0 c:/program files (x86)/atmel/atmel toolchain/avr8 gcc/native/3.4.2.1002/avr8-gnu-toolchain/bin/../lib/gcc/avr/4.7.2/avr5\libgcc.a(_tablejump.o)
 .text.libgcc.builtins
                0x00000000        0x0 c:/program files (x86)/atmel/atmel toolchain/avr8 gcc/native/3.4.2.1002/avr8-gnu-toolchain/bin/../lib/gcc/avr/4.7.2/avr5\libgcc.a(_tablejump.o)
 .text.libgcc.fmul
                0x00000000        0x0 c:/program files (x86)/atmel/atmel toolchain/avr8 gcc/native/3.4.2.1002/avr8-gnu-toolchain/bin/../lib/gcc/avr/4.7.2/avr5\libgcc.a(_tablejump.o)

Memory Configuration

Name             Origin             Length             Attributes
text             0x00000000         0x00020000         xr
data             0x00800060         0x0000ffa0         rw !x
eeprom           0x00810000         0x00010000         rw !x
fuse             0x00820000         0x00000400         rw !x
lock             0x00830000         0x00000400         rw !x
signature        0x00840000         0x00000400         rw !x
user_signatures  0x00850000         0x00000400         rw !x
*default*        0x00000000         0xffffffff

Linker script and memory map

Address of section .data set to 0x800100
LOAD c:/program files (x86)/atmel/atmel toolchain/avr8 gcc/native/3.4.2.1002/avr8-gnu-toolchain/bin/../lib/gcc/avr/4.7.2/../../../../avr/lib/avr5/crtm328p.o
LOAD doorbell.o
LOAD log.o
LOAD millis.o
LOAD ISA_OUDEREN_ZENDER.o
LOAD RFM69.o
LOAD uart.o
START GROUP
LOAD c:/program files (x86)/atmel/atmel toolchain/avr8 gcc/native/3.4.2.1002/avr8-gnu-toolchain/bin/../lib/gcc/avr/4.7.2/../../../../avr/lib/avr5\libm.a
END GROUP
LOAD c:/program files (x86)/atmel/atmel toolchain/avr8 gcc/native/3.4.2.1002/avr8-gnu-toolchain/bin/../lib/gcc/avr/4.7.2/avr5\libgcc.a
LOAD c:/program files (x86)/atmel/atmel toolchain/avr8 gcc/native/3.4.2.1002/avr8-gnu-toolchain/bin/../lib/gcc/avr/4.7.2/../../../../avr/lib/avr5\libm.a
LOAD c:/program files (x86)/atmel/atmel toolchain/avr8 gcc/native/3.4.2.1002/avr8-gnu-toolchain/bin/../lib/gcc/avr/4.7.2/avr5\libgcc.a
LOAD c:/program files (x86)/atmel/atmel toolchain/avr8 gcc/native/3.4.2.1002/avr8-gnu-toolchain/bin/../lib/gcc/avr/4.7.2/../../../../avr/lib/avr5\libc.a
LOAD c:/program files (x86)/atmel/atmel toolchain/avr8 gcc/native/3.4.2.1002/avr8-gnu-toolchain/bin/../lib/gcc/avr/4.7.2/avr5\libgcc.a

.hash
 *(.hash)

.dynsym
 *(.dynsym)

.dynstr
 *(.dynstr)

.gnu.version
 *(.gnu.version)

.gnu.version_d
 *(.gnu.version_d)

.gnu.version_r
 *(.gnu.version_r)

.rel.init
 *(.rel.init)

.rela.init
 *(.rela.init)

.rel.text
 *(.rel.text)
 *(.rel.text.*)
 *(.rel.gnu.linkonce.t*)

.rela.text
 *(.rela.text)
 *(.rela.text.*)
 *(.rela.gnu.linkonce.t*)

.rel.fini
 *(.rel.fini)

.rela.fini
 *(.rela.fini)

.rel.rodata
 *(.rel.rodata)
 *(.rel.rodata.*)
 *(.rel.gnu.linkonce.r*)

.rela.rodata
 *(.rela.rodata)
 *(.rela.rodata.*)
 *(.rela.gnu.linkonce.r*)

.rel.data
 *(.rel.data)
 *(.rel.data.*)
 *(.rel.gnu.linkonce.d*)

.rela.data
 *(.rela.data)
 *(.rela.data.*)
 *(.rela.gnu.linkonce.d*)

.rel.ctors
 *(.rel.ctors)

.rela.ctors
 *(.rela.ctors)

.rel.dtors
 *(.rel.dtors)

.rela.dtors
 *(.rela.dtors)

.rel.got
 *(.rel.got)

.rela.got
 *(.rela.got)

.rel.bss
 *(.rel.bss)

.rela.bss
 *(.rela.bss)

.rel.plt
 *(.rel.plt)

.rela.plt
 *(.rela.plt)

.text           0x00000000      0xcc0
 *(.vectors)
 .vectors       0x00000000       0x68 c:/program files (x86)/atmel/atmel toolchain/avr8 gcc/native/3.4.2.1002/avr8-gnu-toolchain/bin/../lib/gcc/avr/4.7.2/../../../../avr/lib/avr5/crtm328p.o
                0x00000000                __vector_default
                0x00000000                __vectors
 *(.vectors)
 *(.progmem.gcc*)
 *(.progmem*)
                0x00000068                . = ALIGN (0x2)
                0x00000068                __trampolines_start = .
 *(.trampolines)
 .trampolines   0x00000068        0x0 linker stubs
 *(.trampolines*)
                0x00000068                __trampolines_end = .
 *(.jumptables)
 *(.jumptables*)
 *(.lowtext)
 *(.lowtext*)
                0x00000068                __ctors_start = .
 *(.ctors)
 .ctors         0x00000068        0x2 ISA_OUDEREN_ZENDER.o
                0x0000006a                __ctors_end = .
                0x0000006a                __dtors_start = .
 *(.dtors)
                0x0000006a                __dtors_end = .
 SORT(*)(.ctors)
 SORT(*)(.dtors)
 *(.init0)
 .init0         0x0000006a        0x0 c:/program files (x86)/atmel/atmel toolchain/avr8 gcc/native/3.4.2.1002/avr8-gnu-toolchain/bin/../lib/gcc/avr/4.7.2/../../../../avr/lib/avr5/crtm328p.o
                0x0000006a                __init
 *(.init0)
 *(.init1)
 *(.init1)
 *(.init2)
 .init2         0x0000006a        0xc c:/program files (x86)/atmel/atmel toolchain/avr8 gcc/native/3.4.2.1002/avr8-gnu-toolchain/bin/../lib/gcc/avr/4.7.2/../../../../avr/lib/avr5/crtm328p.o
 *(.init2)
 *(.init3)
 *(.init3)
 *(.init4)
 .init4         0x00000076       0x16 c:/program files (x86)/atmel/atmel toolchain/avr8 gcc/native/3.4.2.1002/avr8-gnu-toolchain/bin/../lib/gcc/avr/4.7.2/avr5\libgcc.a(_copy_data.o)
                0x00000076                __do_copy_data
 .init4         0x0000008c       0x10 c:/program files (x86)/atmel/atmel toolchain/avr8 gcc/native/3.4.2.1002/avr8-gnu-toolchain/bin/../lib/gcc/avr/4.7.2/avr5\libgcc.a(_clear_bss.o)
                0x0000008c                __do_clear_bss
 *(.init4)
 *(.init5)
 *(.init5)
 *(.init6)
 .init6         0x0000009c       0x14 c:/program files (x86)/atmel/atmel toolchain/avr8 gcc/native/3.4.2.1002/avr8-gnu-toolchain/bin/../lib/gcc/avr/4.7.2/avr5\libgcc.a(_ctors.o)
                0x0000009c                __do_global_ctors
 *(.init6)
 *(.init7)
 *(.init7)
 *(.init8)
 *(.init8)
 *(.init9)
 .init9         0x000000b0        0x4 c:/program files (x86)/atmel/atmel toolchain/avr8 gcc/native/3.4.2.1002/avr8-gnu-toolchain/bin/../lib/gcc/avr/4.7.2/../../../../avr/lib/avr5/crtm328p.o
 *(.init9)
 *(.text)
 .text          0x000000b4        0x2 c:/program files (x86)/atmel/atmel toolchain/avr8 gcc/native/3.4.2.1002/avr8-gnu-toolchain/bin/../lib/gcc/avr/4.7.2/../../../../avr/lib/avr5/crtm328p.o
                0x000000b4                __vector_22
                0x000000b4                __vector_24
                0x000000b4                __vector_12
                0x000000b4                __bad_interrupt
                0x000000b4                __vector_6
                0x000000b4                __vector_3
                0x000000b4                __vector_23
                0x000000b4                __vector_25
                0x000000b4                __vector_11
                0x000000b4                __vector_13
                0x000000b4                __vector_17
                0x000000b4                __vector_5
                0x000000b4                __vector_4
                0x000000b4                __vector_9
                0x000000b4                __vector_21
                0x000000b4                __vector_15
                0x000000b4                __vector_8
                0x000000b4                __vector_14
                0x000000b4                __vector_10
                0x000000b4                __vector_16
                0x000000b4                __vector_20
                0x000000b6                . = ALIGN (0x2)
 *(.text.*)
 .text.doorbell_disable_interrupt
                0x000000b6        0x4 doorbell.o
                0x000000b6                doorbell_disable_interrupt
 .text.doorbell_enable_interrupt
                0x000000ba        0x4 doorbell.o
                0x000000ba                doorbell_enable_interrupt
 .text.doorbell_init
                0x000000be        0xe doorbell.o
                0x000000be                doorbell_init
 .text.doorbell_interrupt
                0x000000cc       0x12 doorbell.o
                0x000000cc                doorbell_interrupt
 .text.__vector_2
                0x000000de       0x46 doorbell.o
                0x000000de                __vector_2
 .text.log_s    0x00000124        0x4 log.o
                0x00000124                log_s
 .text.millis_init
                0x00000128       0x18 millis.o
                0x00000128                millis_init
 .text.millis_get
                0x00000140       0x28 millis.o
                0x00000140                millis_get
 .text.millis_resume
                0x00000168       0x16 millis.o
                0x00000168                millis_resume
 .text.millis_pause
                0x0000017e       0x16 millis.o
                0x0000017e                millis_pause
 .text.__vector_7
                0x00000194       0x4a millis.o
                0x00000194                __vector_7
 .text.__vector_1
                0x000001de       0x46 ISA_OUDEREN_ZENDER.o
                0x000001de                __vector_1
 .text.main     0x00000224      0x168 ISA_OUDEREN_ZENDER.o
                0x00000224                main
 .text._GLOBAL__sub_I_deep_sleep_ok
                0x0000038c       0x2c ISA_OUDEREN_ZENDER.o
 .text._ZN5RFM697spiInitEv
                0x000003b8       0x14 RFM69.o
                0x000003b8                _ZN5RFM697spiInitEv
 .text._ZN5RFM694isr0Ev
                0x000003cc       0x18 RFM69.o
                0x000003cc                _ZN5RFM694isr0Ev
 .text._ZN5RFM696selectEv
                0x000003e4        0x4 RFM69.o
                0x000003e4                _ZN5RFM696selectEv
 .text._ZN5RFM698unselectEv
                0x000003e8        0x4 RFM69.o
                0x000003e8                _ZN5RFM698unselectEv
 .text._ZN5RFM6915spiTransferByteEh
                0x000003ec        0xc RFM69.o
                0x000003ec                _ZN5RFM6915spiTransferByteEh
 .text._ZN5RFM6911spiTransferEhh
                0x000003f8       0x2e RFM69.o
                0x000003f8                _ZN5RFM6911spiTransferEhh
 .text._ZN5RFM698writeRegEhh
                0x00000426       0x28 RFM69.o
                0x00000426                _ZN5RFM698writeRegEhh
 .text._ZN5RFM6916setHighPowerRegsEb
                0x0000044e       0x2e RFM69.o
                0x0000044e                _ZN5RFM6916setHighPowerRegsEb
 .text._ZN5RFM697readRegEh
                0x0000047c       0x26 RFM69.o
                0x0000047c                _ZN5RFM697readRegEh
 .text._ZN5RFM698readRSSIEb
                0x000004a2       0x38 RFM69.o
                0x000004a2                _ZN5RFM698readRSSIEb
 .text._ZN5RFM697setModeEh
                0x000004da       0xc8 RFM69.o
                0x000004da                _ZN5RFM697setModeEh
 .text._ZN5RFM697canSendEv
                0x000005a2       0x3c RFM69.o
                0x000005a2                _ZN5RFM697canSendEv
 .text._ZN5RFM6912receiveBeginEv
                0x000005de       0x52 RFM69.o
                0x000005de                _ZN5RFM6912receiveBeginEv
 .text._ZN5RFM6911receiveDoneEv
                0x00000630       0x2e RFM69.o
                0x00000630                _ZN5RFM6911receiveDoneEv
 .text._ZN5RFM6911ACKReceivedEh
                0x0000065e       0x2e RFM69.o
                0x0000065e                _ZN5RFM6911ACKReceivedEh
 .text._ZN5RFM697encryptEPKc
                0x0000068c       0x66 RFM69.o
                0x0000068c                _ZN5RFM697encryptEPKc
 .text._ZN5RFM6910initializeEhhh
                0x000006f2      0x1a4 RFM69.o
                0x000006f2                _ZN5RFM6910initializeEhhh
 .text._ZN5RFM6916interruptHandlerEv
                0x00000896       0xf2 RFM69.o
                0x00000896                _ZN5RFM6916interruptHandlerEv
 .text._ZN5RFM699sendFrameEhPKvhbb
                0x00000988       0xb8 RFM69.o
                0x00000988                _ZN5RFM699sendFrameEhPKvhbb
 .text._ZN5RFM694sendEhPKvhb
                0x00000a40       0x90 RFM69.o
                0x00000a40                _ZN5RFM694sendEhPKvhb
 .text._ZN5RFM6913sendWithRetryEhPKvhhh
                0x00000ad0       0x9c RFM69.o
                0x00000ad0                _ZN5RFM6913sendWithRetryEhPKvhhh
 .text.__vector_18
                0x00000b6c       0x6a uart.o
                0x00000b6c                __vector_18
 .text.__vector_19
                0x00000bd6       0x58 uart.o
                0x00000bd6                __vector_19
 .text.uart0_init
                0x00000c2e       0x32 uart.o
                0x00000c2e                uart0_init
 .text.uart0_putc
                0x00000c60       0x34 uart.o
                0x00000c60                uart0_putc
 .text.uart0_puts
                0x00000c94       0x1c uart.o
                0x00000c94                uart0_puts
 .text.libgcc   0x00000cb0        0xc c:/program files (x86)/atmel/atmel toolchain/avr8 gcc/native/3.4.2.1002/avr8-gnu-toolchain/bin/../lib/gcc/avr/4.7.2/avr5\libgcc.a(_tablejump.o)
                0x00000cb0                __tablejump2__
                0x00000cb4                __tablejump__
                0x00000cbc                . = ALIGN (0x2)
 *(.fini9)
 .fini9         0x00000cbc        0x0 c:/program files (x86)/atmel/atmel toolchain/avr8 gcc/native/3.4.2.1002/avr8-gnu-toolchain/bin/../lib/gcc/avr/4.7.2/avr5\libgcc.a(_exit.o)
                0x00000cbc                _exit
                0x00000cbc                exit
 *(.fini9)
 *(.fini8)
 *(.fini8)
 *(.fini7)
 *(.fini7)
 *(.fini6)
 *(.fini6)
 *(.fini5)
 *(.fini5)
 *(.fini4)
 *(.fini4)
 *(.fini3)
 *(.fini3)
 *(.fini2)
 *(.fini2)
 *(.fini1)
 *(.fini1)
 *(.fini0)
 .fini0         0x00000cbc        0x4 c:/program files (x86)/atmel/atmel toolchain/avr8 gcc/native/3.4.2.1002/avr8-gnu-toolchain/bin/../lib/gcc/avr/4.7.2/avr5\libgcc.a(_exit.o)
 *(.fini0)
                0x00000cc0                _etext = .

.data           0x00800100       0x60 load address 0x00000cc0
                0x00800100                PROVIDE (__data_start, .)
 *(.data)
 .data          0x00800100        0x0 c:/program files (x86)/atmel/atmel toolchain/avr8 gcc/native/3.4.2.1002/avr8-gnu-toolchain/bin/../lib/gcc/avr/4.7.2/../../../../avr/lib/avr5/crtm328p.o
 .data          0x00800100        0x0 doorbell.o
 .data          0x00800100        0x0 log.o
 .data          0x00800100        0x0 millis.o
 .data          0x00800100        0x0 ISA_OUDEREN_ZENDER.o
 .data          0x00800100        0x0 RFM69.o
 .data          0x00800100        0x0 uart.o
 .data          0x00800100        0x0 c:/program files (x86)/atmel/atmel toolchain/avr8 gcc/native/3.4.2.1002/avr8-gnu-toolchain/bin/../lib/gcc/avr/4.7.2/avr5\libgcc.a(_exit.o)
 .data          0x00800100        0x0 c:/program files (x86)/atmel/atmel toolchain/avr8 gcc/native/3.4.2.1002/avr8-gnu-toolchain/bin/../lib/gcc/avr/4.7.2/avr5\libgcc.a(_copy_data.o)
 .data          0x00800100        0x0 c:/program files (x86)/atmel/atmel toolchain/avr8 gcc/native/3.4.2.1002/avr8-gnu-toolchain/bin/../lib/gcc/avr/4.7.2/avr5\libgcc.a(_clear_bss.o)
 .data          0x00800100        0x0 c:/program files (x86)/atmel/atmel toolchain/avr8 gcc/native/3.4.2.1002/avr8-gnu-toolchain/bin/../lib/gcc/avr/4.7.2/avr5\libgcc.a(_ctors.o)
 .data          0x00800100        0x0 c:/program files (x86)/atmel/atmel toolchain/avr8 gcc/native/3.4.2.1002/avr8-gnu-toolchain/bin/../lib/gcc/avr/4.7.2/avr5\libgcc.a(_tablejump.o)
 *(.data*)
 .data.doorbell_last_state
                0x00800100        0x1 doorbell.o
                0x00800100                doorbell_last_state
 .data.payload  0x00800101        0x2 ISA_OUDEREN_ZENDER.o
                0x00800101                payload
 *(.rodata)
 *(.rodata*)
 .rodata.str1.1
                0x00800103       0x56 ISA_OUDEREN_ZENDER.o
                                 0x5b (size before relaxing)
 .rodata._ZTV5RFM69
                0x00800159        0x6 RFM69.o
                0x00800159                _ZTV5RFM69
 *(.gnu.linkonce.d*)
                0x00800160                . = ALIGN (0x2)
 *fill*         0x0080015f        0x1 
                0x00800160                _edata = .
                0x00800160                PROVIDE (__data_end, .)

.bss            0x00800160      0x15a
                0x00800160                PROVIDE (__bss_start, .)
 *(.bss)
 *(.bss*)
 .bss.triggered
                0x00800160        0x1 doorbell.o
                0x00800160                triggered
 .bss.milliseconds
                0x00800161        0x4 millis.o
 .bss.radio     0x00800165        0x8 ISA_OUDEREN_ZENDER.o
                0x00800165                radio
 .bss._ZN5RFM6911selfPointerE
                0x0080016d        0x2 RFM69.o
                0x0080016d                _ZN5RFM6911selfPointerE
 .bss._ZN5RFM694RSSIE
                0x0080016f        0x2 RFM69.o
                0x0080016f                _ZN5RFM694RSSIE
 .bss._ZN5RFM6912ACK_RECEIVEDE
                0x00800171        0x1 RFM69.o
                0x00800171                _ZN5RFM6912ACK_RECEIVEDE
 .bss._ZN5RFM6913ACK_REQUESTEDE
                0x00800172        0x1 RFM69.o
                0x00800172                _ZN5RFM6913ACK_REQUESTEDE
 .bss._ZN5RFM6910PAYLOADLENE
                0x00800173        0x1 RFM69.o
                0x00800173                _ZN5RFM6910PAYLOADLENE
 .bss._ZN5RFM698TARGETIDE
                0x00800174        0x1 RFM69.o
                0x00800174                _ZN5RFM698TARGETIDE
 .bss._ZN5RFM698SENDERIDE
                0x00800175        0x1 RFM69.o
                0x00800175                _ZN5RFM698SENDERIDE
 .bss._ZN5RFM697DATALENE
                0x00800176        0x1 RFM69.o
                0x00800176                _ZN5RFM697DATALENE
 .bss._ZN5RFM695_modeE
                0x00800177        0x1 RFM69.o
                0x00800177                _ZN5RFM695_modeE
 .bss._ZN5RFM694DATAE
                0x00800178       0x3d RFM69.o
                0x00800178                _ZN5RFM694DATAE
 .bss.UART_LastRxError
                0x008001b5        0x1 uart.o
 .bss.UART_RxTail
                0x008001b6        0x1 uart.o
 .bss.UART_RxHead
                0x008001b7        0x1 uart.o
 .bss.UART_TxTail
                0x008001b8        0x1 uart.o
 .bss.UART_TxHead
                0x008001b9        0x1 uart.o
 .bss.UART_RxBuf
                0x008001ba       0x80 uart.o
 .bss.UART_TxBuf
                0x0080023a       0x80 uart.o
 *(COMMON)
                0x008002ba                PROVIDE (__bss_end, .)
                0x00000cc0                __data_load_start = LOADADDR (.data)
                0x00000d20                __data_load_end = (__data_load_start + SIZEOF (.data))

.noinit         0x008002ba        0x0
                0x008002ba                PROVIDE (__noinit_start, .)
 *(.noinit*)
                0x008002ba                PROVIDE (__noinit_end, .)
                0x008002ba                _end = .
                0x008002ba                PROVIDE (__heap_start, .)

.eeprom         0x00810000        0x0
 *(.eeprom*)
                0x00810000                __eeprom_end = .

.fuse
 *(.fuse)
 *(.lfuse)
 *(.hfuse)
 *(.efuse)

.lock
 *(.lock*)

.signature
 *(.signature*)

.user_signatures
 *(.user_signatures*)

.stab           0x00000000      0x6cc
 *(.stab)
 .stab          0x00000000      0x6cc c:/program files (x86)/atmel/atmel toolchain/avr8 gcc/native/3.4.2.1002/avr8-gnu-toolchain/bin/../lib/gcc/avr/4.7.2/../../../../avr/lib/avr5/crtm328p.o

.stabstr        0x00000000       0x97
 *(.stabstr)
 .stabstr       0x00000000       0x97 c:/program files (x86)/atmel/atmel toolchain/avr8 gcc/native/3.4.2.1002/avr8-gnu-toolchain/bin/../lib/gcc/avr/4.7.2/../../../../avr/lib/avr5/crtm328p.o

.stab.excl
 *(.stab.excl)

.stab.exclstr
 *(.stab.exclstr)

.stab.index
 *(.stab.index)

.stab.indexstr
 *(.stab.indexstr)

.comment        0x00000000       0x2f
 *(.comment)
 .comment       0x00000000       0x2f doorbell.o
                                 0x30 (size before relaxing)
 .comment       0x00000000       0x30 log.o
 .comment       0x00000000       0x30 millis.o
 .comment       0x00000000       0x30 ISA_OUDEREN_ZENDER.o
 .comment       0x00000000       0x30 RFM69.o
 .comment       0x00000000       0x30 uart.o

.debug
 *(.debug)

.line
 *(.line)

.debug_srcinfo
 *(.debug_srcinfo)

.debug_sfnames
 *(.debug_sfnames)

.debug_aranges  0x00000000      0x288
 *(.debug_aranges)
 .debug_aranges
                0x00000000       0x40 doorbell.o
 .debug_aranges
                0x00000040       0x30 log.o
 .debug_aranges
                0x00000070       0x58 millis.o
 .debug_aranges
                0x000000c8       0x38 ISA_OUDEREN_ZENDER.o
 .debug_aranges
                0x00000100      0x120 RFM69.o
 .debug_aranges
                0x00000220       0x68 uart.o

.debug_pubnames
 *(.debug_pubnames)

.debug_info     0x00000000     0x2ecf
 *(.debug_info)
 .debug_info    0x00000000      0x130 doorbell.o
 .debug_info    0x00000130      0x1b2 log.o
 .debug_info    0x000002e2      0x309 millis.o
 .debug_info    0x000005eb      0x7eb ISA_OUDEREN_ZENDER.o
 .debug_info    0x00000dd6     0x1d86 RFM69.o
 .debug_info    0x00002b5c      0x373 uart.o
 *(.gnu.linkonce.wi.*)

.debug_abbrev   0x00000000      0x9fc
 *(.debug_abbrev)
 .debug_abbrev  0x00000000       0xa1 doorbell.o
 .debug_abbrev  0x000000a1       0xb2 log.o
 .debug_abbrev  0x00000153      0x16b millis.o
 .debug_abbrev  0x000002be      0x2c6 ISA_OUDEREN_ZENDER.o
 .debug_abbrev  0x00000584      0x335 RFM69.o
 .debug_abbrev  0x000008b9      0x143 uart.o

.debug_line     0x00000000     0x14d8
 *(.debug_line)
 .debug_line    0x00000000      0x157 doorbell.o
 .debug_line    0x00000157      0x102 log.o
 .debug_line    0x00000259      0x2e5 millis.o
 .debug_line    0x0000053e      0x370 ISA_OUDEREN_ZENDER.o
 .debug_line    0x000008ae      0x965 RFM69.o
 .debug_line    0x00001213      0x2c5 uart.o

.debug_frame    0x00000000      0x808
 *(.debug_frame)
 .debug_frame   0x00000000       0xac doorbell.o
 .debug_frame   0x000000ac       0x44 log.o
 .debug_frame   0x000000f0       0xf4 millis.o
 .debug_frame   0x000001e4       0x9c ISA_OUDEREN_ZENDER.o
 .debug_frame   0x00000280      0x468 RFM69.o
 .debug_frame   0x000006e8      0x120 uart.o

.debug_str      0x00000000      0xba8
 *(.debug_str)
 .debug_str     0x00000000      0x140 doorbell.o
                                0x179 (size before relaxing)
 .debug_str     0x00000140       0x56 log.o
                                0x149 (size before relaxing)
 .debug_str     0x00000196       0xb2 millis.o
                                0x197 (size before relaxing)
 .debug_str     0x00000248      0x1b4 ISA_OUDEREN_ZENDER.o
                                0x350 (size before relaxing)
 .debug_str     0x000003fc      0x6a1 RFM69.o
                                0x84a (size before relaxing)
 .debug_str     0x00000a9d      0x10b uart.o
                                0x21d (size before relaxing)

.debug_loc      0x00000000     0x1d46
 *(.debug_loc)
 .debug_loc     0x00000000       0xcb doorbell.o
 .debug_loc     0x000000cb       0x72 log.o
 .debug_loc     0x0000013d      0x1fb millis.o
 .debug_loc     0x00000338      0x1c1 ISA_OUDEREN_ZENDER.o
 .debug_loc     0x000004f9     0x14eb RFM69.o
 .debug_loc     0x000019e4      0x362 uart.o

.debug_macinfo
 *(.debug_macinfo)

.debug_pubtypes
 *(.debug_pubtypes)

.debug_ranges   0x00000000      0x288
 *(.debug_ranges)
 .debug_ranges  0x00000000       0x30 doorbell.o
 .debug_ranges  0x00000030       0x20 log.o
 .debug_ranges  0x00000050       0x48 millis.o
 .debug_ranges  0x00000098       0x28 ISA_OUDEREN_ZENDER.o
 .debug_ranges  0x000000c0      0x158 RFM69.o
 .debug_ranges  0x00000218       0x70 uart.o

.debug_macro
 *(.debug_macro)
OUTPUT(ISA_OUDEREN_ZENDER.elf elf32-avr)
LOAD linker stubs
